Component: ARM Compiler 5.06 update 7 (build 960) Tool: armlink [4d3601]

==============================================================================

Section Cross References

    delay.o(i.delay_init) refers to stm32f10x_rcc.o(i.RCC_APB1PeriphClockCmd) for RCC_APB1PeriphClockCmd
    delay.o(i.delay_init) refers to stm32f10x_tim.o(i.TIM_TimeBaseInit) for TIM_TimeBaseInit
    delay.o(i.delay_init) refers to stm32f10x_tim.o(i.TIM_Cmd) for TIM_Cmd
    delay.o(i.delay_ms) refers to stm32f10x_tim.o(i.TIM_SetCounter) for TIM_SetCounter
    delay.o(i.delay_ms) refers to stm32f10x_tim.o(i.TIM_GetCounter) for TIM_GetCounter
    delay.o(i.delay_us) refers to stm32f10x_tim.o(i.TIM_SetCounter) for TIM_SetCounter
    delay.o(i.delay_us) refers to stm32f10x_tim.o(i.TIM_GetCounter) for TIM_GetCounter
    lcd_i2c.o(i.Delete_LCD) refers to lcd_i2c.o(i.lcd_Control_Write) for lcd_Control_Write
    lcd_i2c.o(i.Delete_LCD) refers to delay.o(i.delay_ms) for delay_ms
    lcd_i2c.o(i.I2C_LCD_Configuration) refers to stm32f10x_rcc.o(i.RCC_APB1PeriphClockCmd) for RCC_APB1PeriphClockCmd
    lcd_i2c.o(i.I2C_LCD_Configuration) refers to stm32f10x_rcc.o(i.RCC_APB2PeriphClockCmd) for RCC_APB2PeriphClockCmd
    lcd_i2c.o(i.I2C_LCD_Configuration) refers to stm32f10x_gpio.o(i.GPIO_Init) for GPIO_Init
    lcd_i2c.o(i.I2C_LCD_Configuration) refers to stm32f10x_i2c.o(i.I2C_Init) for I2C_Init
    lcd_i2c.o(i.I2C_LCD_Configuration) refers to stm32f10x_i2c.o(i.I2C_Cmd) for I2C_Cmd
    lcd_i2c.o(i.I2C_LCD_Configuration) refers to lcd_i2c.o(.data) for GPIO_InitStructure
    lcd_i2c.o(i.I2C_LCD_Configuration) refers to lcd_i2c.o(.bss) for I2C_InitStructure
    lcd_i2c.o(i.lcd_Control_Write) refers to lcd_i2c.o(i.lcd_Write_byte) for lcd_Write_byte
    lcd_i2c.o(i.lcd_Control_Write) refers to delay.o(i.delay_us) for delay_us
    lcd_i2c.o(i.lcd_Data_Write) refers to lcd_i2c.o(i.lcd_Write_byte) for lcd_Write_byte
    lcd_i2c.o(i.lcd_Data_Write) refers to delay.o(i.delay_us) for delay_us
    lcd_i2c.o(i.lcd_Write_byte) refers to stm32f10x_i2c.o(i.I2C_GenerateSTART) for I2C_GenerateSTART
    lcd_i2c.o(i.lcd_Write_byte) refers to stm32f10x_i2c.o(i.I2C_CheckEvent) for I2C_CheckEvent
    lcd_i2c.o(i.lcd_Write_byte) refers to stm32f10x_i2c.o(i.I2C_Send7bitAddress) for I2C_Send7bitAddress
    lcd_i2c.o(i.lcd_Write_byte) refers to stm32f10x_i2c.o(i.I2C_SendData) for I2C_SendData
    lcd_i2c.o(i.lcd_Write_byte) refers to stm32f10x_i2c.o(i.I2C_GenerateSTOP) for I2C_GenerateSTOP
    lcd_i2c.o(i.lcd_gotoxy) refers to lcd_i2c.o(i.lcd_Control_Write) for lcd_Control_Write
    lcd_i2c.o(i.lcd_init) refers to delay.o(i.delay_init) for delay_init
    lcd_i2c.o(i.lcd_init) refers to lcd_i2c.o(i.I2C_LCD_Configuration) for I2C_LCD_Configuration
    lcd_i2c.o(i.lcd_init) refers to lcd_i2c.o(i.lcd_Control_Write) for lcd_Control_Write
    lcd_i2c.o(i.lcd_init) refers to delay.o(i.delay_ms) for delay_ms
    lcd_i2c.o(i.lcd_send_string) refers to lcd_i2c.o(i.lcd_Data_Write) for lcd_Data_Write
    main.o(i.main) refers to system_stm32f10x.o(i.SystemInit) for SystemInit
    main.o(i.main) refers to system_stm32f10x.o(i.SystemCoreClockUpdate) for SystemCoreClockUpdate
    main.o(i.main) refers to queue.o(i.xQueueCreateMutex) for xQueueCreateMutex
    main.o(i.main) refers to lcd_i2c.o(i.lcd_init) for lcd_init
    main.o(i.main) refers to adc.o(i.adc_1_init) for adc_1_init
    main.o(i.main) refers to adc.o(i.adc_2_init) for adc_2_init
    main.o(i.main) refers to tasks.o(i.xTaskCreate) for xTaskCreate
    main.o(i.main) refers to tasks.o(i.vTaskStartScheduler) for vTaskStartScheduler
    main.o(i.main) refers to main.o(.data) for xMutex
    main.o(i.main) refers to main.o(i.vTaskVoltage) for vTaskVoltage
    main.o(i.main) refers to main.o(i.vTaskAmperage) for vTaskAmperage
    main.o(i.map_adc_value) refers to faddsub_clz.o(x$fpl$fsub) for __aeabi_fsub
    main.o(i.map_adc_value) refers to fdiv.o(x$fpl$fdiv) for __aeabi_fdiv
    main.o(i.map_adc_value) refers to fmul.o(x$fpl$fmul) for __aeabi_fmul
    main.o(i.map_adc_value) refers to faddsub_clz.o(x$fpl$fadd) for __aeabi_fadd
    main.o(i.map_adc_value) refers to fleqf.o(x$fpl$fleqf) for __aeabi_cfcmple
    main.o(i.map_adc_value) refers to frleqf.o(x$fpl$frleqf) for __aeabi_cfrcmple
    main.o(i.vTaskAmperage) refers to _printf_percent.o(.ARM.Collect$$_printf_percent$$00000000) for _printf_percent
    main.o(i.vTaskAmperage) refers to _printf_f.o(.ARM.Collect$$_printf_percent$$00000003) for _printf_f
    main.o(i.vTaskAmperage) refers to printf1.o(x$fpl$printf1) for _printf_fp_dec
    main.o(i.vTaskAmperage) refers to queue.o(i.xQueueSemaphoreTake) for xQueueSemaphoreTake
    main.o(i.vTaskAmperage) refers to lcd_i2c.o(i.lcd_gotoxy) for lcd_gotoxy
    main.o(i.vTaskAmperage) refers to adc.o(i.adc_2_get_value) for adc_2_get_value
    main.o(i.vTaskAmperage) refers to dflt_clz.o(x$fpl$dfltu) for __aeabi_ui2d
    main.o(i.vTaskAmperage) refers to dmul.o(x$fpl$dmul) for __aeabi_dmul
[...]
    is_thread_mode                           0x08001ee3   Thumb Code    16  clib_arm.o(i.is_thread_mode)
    i.lcd_Control_Write                      0x08001ef2   Section        0  lcd_i2c.o(i.lcd_Control_Write)
    i.lcd_Data_Write                         0x08001f3a   Section        0  lcd_i2c.o(i.lcd_Data_Write)
    i.lcd_Write_byte                         0x08001f88   Section        0  lcd_i2c.o(i.lcd_Write_byte)
    i.lcd_gotoxy                             0x08001fe8   Section        0  lcd_i2c.o(i.lcd_gotoxy)
    i.lcd_init                               0x08002008   Section        0  lcd_i2c.o(i.lcd_init)
    i.lcd_send_string                        0x08002068   Section        0  lcd_i2c.o(i.lcd_send_string)
    i.main                                   0x08002080   Section        0  main.o(i.main)
    i.map                                    0x080020f4   Section        0  adc.o(i.map)
    i.map_adc_value                          0x0800210a   Section        0  main.o(i.map_adc_value)
    i.os_kernel_is_active                    0x08002172   Section        0  clib_arm.o(i.os_kernel_is_active)
    os_kernel_is_active                      0x08002173   Thumb Code    18  clib_arm.o(i.os_kernel_is_active)
    i.prvAddCurrentTaskToDelayedList         0x08002184   Section        0  tasks.o(i.prvAddCurrentTaskToDelayedList)
    prvAddCurrentTaskToDelayedList           0x08002185   Thumb Code   140  tasks.o(i.prvAddCurrentTaskToDelayedList)
    i.prvAddNewTaskToReadyList               0x08002228   Section        0  tasks.o(i.prvAddNewTaskToReadyList)
    prvAddNewTaskToReadyList                 0x08002229   Thumb Code   204  tasks.o(i.prvAddNewTaskToReadyList)
    i.prvCheckForValidListAndQueue           0x08002310   Section        0  timers.o(i.prvCheckForValidListAndQueue)
    prvCheckForValidListAndQueue             0x08002311   Thumb Code    62  timers.o(i.prvCheckForValidListAndQueue)
    i.prvCheckTasksWaitingTermination        0x0800236c   Section        0  tasks.o(i.prvCheckTasksWaitingTermination)
    prvCheckTasksWaitingTermination          0x0800236d   Thumb Code    60  tasks.o(i.prvCheckTasksWaitingTermination)
    i.prvCopyDataFromQueue                   0x080023b4   Section        0  queue.o(i.prvCopyDataFromQueue)
    prvCopyDataFromQueue                     0x080023b5   Thumb Code    42  queue.o(i.prvCopyDataFromQueue)
    i.prvCopyDataToQueue                     0x080023de   Section        0  queue.o(i.prvCopyDataToQueue)
    prvCopyDataToQueue                       0x080023df   Thumb Code   126  queue.o(i.prvCopyDataToQueue)
    i.prvDeleteTCB                           0x0800245c   Section        0  tasks.o(i.prvDeleteTCB)
    prvDeleteTCB                             0x0800245d   Thumb Code    40  tasks.o(i.prvDeleteTCB)
    i.prvGetDisinheritPriorityAfterTimeout   0x08002484   Section        0  queue.o(i.prvGetDisinheritPriorityAfterTimeout)
    prvGetDisinheritPriorityAfterTimeout     0x08002485   Thumb Code    20  queue.o(i.prvGetDisinheritPriorityAfterTimeout)
    i.prvGetNextExpireTime                   0x08002498   Section        0  timers.o(i.prvGetNextExpireTime)
    prvGetNextExpireTime                     0x08002499   Thumb Code    36  timers.o(i.prvGetNextExpireTime)
    i.prvHeapInit                            0x080024c0   Section        0  heap_4.o(i.prvHeapInit)
    prvHeapInit                              0x080024c1   Thumb Code    90  heap_4.o(i.prvHeapInit)
    i.prvIdleTask                            0x08002530   Section        0  tasks.o(i.prvIdleTask)
    prvIdleTask                              0x08002531   Thumb Code    32  tasks.o(i.prvIdleTask)
    i.prvInitialiseMutex                     0x08002558   Section        0  queue.o(i.prvInitialiseMutex)
    prvInitialiseMutex                       0x08002559   Thumb Code    30  queue.o(i.prvInitialiseMutex)
    i.prvInitialiseNewQueue                  0x08002576   Section        0  queue.o(i.prvInitialiseNewQueue)
    prvInitialiseNewQueue                    0x08002577   Thumb Code    42  queue.o(i.prvInitialiseNewQueue)
    i.prvInitialiseNewTask                   0x080025a0   Section        0  tasks.o(i.prvInitialiseNewTask)
    prvInitialiseNewTask                     0x080025a1   Thumb Code   134  tasks.o(i.prvInitialiseNewTask)
    i.prvInitialiseTaskLists                 0x08002628   Section        0  tasks.o(i.prvInitialiseTaskLists)
    prvInitialiseTaskLists                   0x08002629   Thumb Code    70  tasks.o(i.prvInitialiseTaskLists)
    i.prvInsertBlockIntoFreeList             0x08002690   Section        0  heap_4.o(i.prvInsertBlockIntoFreeList)
    prvInsertBlockIntoFreeList               0x08002691   Thumb Code    96  heap_4.o(i.prvInsertBlockIntoFreeList)
    i.prvInsertTimerInActiveList             0x080026f8   Section        0  timers.o(i.prvInsertTimerInActiveList)
    prvInsertTimerInActiveList               0x080026f9   Thumb Code    80  timers.o(i.prvInsertTimerInActiveList)
    i.prvIsQueueEmpty                        0x08002750   Section        0  queue.o(i.prvIsQueueEmpty)
    prvIsQueueEmpty                          0x08002751   Thumb Code    26  queue.o(i.prvIsQueueEmpty)
    i.prvIsQueueFull                         0x0800276a   Section        0  queue.o(i.prvIsQueueFull)
    prvIsQueueFull                           0x0800276b   Thumb Code    30  queue.o(i.prvIsQueueFull)
    i.prvProcessExpiredTimer                 0x08002788   Section        0  timers.o(i.prvProcessExpiredTimer)
    prvProcessExpiredTimer                   0x08002789   Thumb Code    62  timers.o(i.prvProcessExpiredTimer)
    i.prvProcessReceivedCommands             0x080027cc   Section        0  timers.o(i.prvProcessReceivedCommands)
    prvProcessReceivedCommands               0x080027cd   Thumb Code   268  timers.o(i.prvProcessReceivedCommands)
    i.prvProcessTimerOrBlockTask             0x080028dc   Section        0  timers.o(i.prvProcessTimerOrBlockTask)
    prvProcessTimerOrBlockTask               0x080028dd   Thumb Code   102  timers.o(i.prvProcessTimerOrBlockTask)
    i.prvReloadTimer                         0x08002950   Section        0  timers.o(i.prvReloadTimer)
    prvReloadTimer                           0x08002951   Thumb Code    40  timers.o(i.prvReloadTimer)
    i.prvResetNextTaskUnblockTime            0x08002978   Section        0  tasks.o(i.prvResetNextTaskUnblockTime)
    prvResetNextTaskUnblockTime              0x08002979   Thumb Code    40  tasks.o(i.prvResetNextTaskUnblockTime)
    i.prvSampleTimeNow                       0x080029a8   Section        0  timers.o(i.prvSampleTimeNow)
    prvSampleTimeNow                         0x080029a9   Thumb Code    40  timers.o(i.prvSampleTimeNow)
    i.prvSwitchTimerLists                    0x080029d4   Section        0  timers.o(i.prvSwitchTimerLists)
    prvSwitchTimerLists                      0x080029d5   Thumb Code    58  timers.o(i.prvSwitchTimerLists)
    i.prvTaskExitError                       0x08002a18   Section        0  port.o(i.prvTaskExitError)
    prvTaskExitError                         0x08002a19   Thumb Code    22  port.o(i.prvTaskExitError)
    i.prvTimerTask                           0x08002a2e   Section        0  timers.o(i.prvTimerTask)
    prvTimerTask                             0x08002a2f   Thumb Code    26  timers.o(i.prvTimerTask)
    i.prvUnlockQueue                         0x08002a48   Section        0  queue.o(i.prvUnlockQueue)
    prvUnlockQueue                           0x08002a49   Thumb Code   126  queue.o(i.prvUnlockQueue)
    i.pvPortMalloc                           0x08002ac8   Section        0  heap_4.o(i.pvPortMalloc)
    i.pvTaskIncrementMutexHeldCount          0x08002bac   Section        0  tasks.o(i.pvTaskIncrementMutexHeldCount)
    i.pxPortInitialiseStack                  0x08002bcc   Section        0  port.o(i.pxPortInitialiseStack)
    i.uxListRemove                           0x08002bf0   Section        0  list.o(i.uxListRemove)
    i.vApplicationGetIdleTaskMemory          0x08002c18   Section        0  cmsis_os2.o(i.vApplicationGetIdleTaskMemory)
    i.vApplicationGetTimerTaskMemory         0x08002c30   Section        0  cmsis_os2.o(i.vApplicationGetTimerTaskMemory)
    i.vApplicationStackOverflowHook          0x08002c48   Section        0  cmsis_os2.o(i.vApplicationStackOverflowHook)
    i.vListInitialise                        0x08002c4a   Section        0  list.o(i.vListInitialise)
    i.vListInitialiseItem                    0x08002c64   Section        0  list.o(i.vListInitialiseItem)
    i.vListInsert                            0x08002c6a   Section        0  list.o(i.vListInsert)
    i.vPortEnterCritical                     0x08002ca0   Section        0  port.o(i.vPortEnterCritical)
    i.vPortExitCritical                      0x08002cc4   Section        0  port.o(i.vPortExitCritical)
    i.vPortFree                              0x08002ce4   Section        0  heap_4.o(i.vPortFree)
    i.vPortSetupTimerInterrupt               0x08002d30   Section        0  port.o(i.vPortSetupTimerInterrupt)
    i.vQueueDelete                           0x08002d58   Section        0  queue.o(i.vQueueDelete)
    i.vQueueWaitForMessageRestricted         0x08002d6c   Section        0  queue.o(i.vQueueWaitForMessageRestricted)
    i.vTaskAmperage                          0x08002db8   Section        0  main.o(i.vTaskAmperage)
    i.vTaskDelay                             0x08002e70   Section        0  tasks.o(i.vTaskDelay)
    i.vTaskInternalSetTimeOutState           0x08002ea4   Section        0  tasks.o(i.vTaskInternalSetTimeOutState)
    i.vTaskMissedYield                       0x08002ebc   Section        0  tasks.o(i.vTaskMissedYield)
    i.vTaskPlaceOnEventList                  0x08002ec8   Section        0  tasks.o(i.vTaskPlaceOnEventList)
    i.vTaskPlaceOnEventListRestricted        0x08002ee8   Section        0  tasks.o(i.vTaskPlaceOnEventListRestricted)
    i.vTaskPriorityDisinheritAfterTimeout    0x08002f34   Section        0  tasks.o(i.vTaskPriorityDisinheritAfterTimeout)
    i.vTaskStartScheduler                    0x08002ff4   Section        0  tasks.o(i.vTaskStartScheduler)
    i.vTaskSuspendAll                        0x08003090   Section        0  tasks.o(i.vTaskSuspendAll)
    i.vTaskSwitchContext                     0x080030a0   Section        0  tasks.o(i.vTaskSwitchContext)
    i.vTaskVoltage                           0x08003150   Section        0  main.o(i.vTaskVoltage)
    i.xPortStartScheduler                    0x080031e0   Section        0  port.o(i.xPortStartScheduler)
    i.xPortSysTickHandler                    0x08003214   Section        0  port.o(i.xPortSysTickHandler)
    i.xQueueCreateMutex                      0x08003248   Section        0  queue.o(i.xQueueCreateMutex)
    i.xQueueCreateMutexStatic                0x0800326a   Section        0  queue.o(i.xQueueCreateMutexStatic)
    i.xQueueGenericCreate                    0x08003294   Section        0  queue.o(i.xQueueGenericCreate)
    i.xQueueGenericCreateStatic              0x080032e6   Section        0  queue.o(i.xQueueGenericCreateStatic)
    i.xQueueGenericReset                     0x08003324   Section        0  queue.o(i.xQueueGenericReset)
    i.xQueueGenericSend                      0x080033c4   Section        0  queue.o(i.xQueueGenericSend)
    i.xQueueReceive                          0x080034dc   Section        0  queue.o(i.xQueueReceive)
    i.xQueueSemaphoreTake                    0x080035e0   Section        0  queue.o(i.xQueueSemaphoreTake)
    i.xTaskCheckForTimeOut                   0x08003710   Section        0  tasks.o(i.xTaskCheckForTimeOut)
    i.xTaskCreate                            0x08003770   Section        0  tasks.o(i.xTaskCreate)
    i.xTaskCreateStatic                      0x080037dc   Section        0  tasks.o(i.xTaskCreateStatic)
    i.xTaskGetSchedulerState                 0x08003834   Section        0  tasks.o(i.xTaskGetSchedulerState)
    i.xTaskGetTickCount                      0x08003854   Section        0  tasks.o(i.xTaskGetTickCount)
    i.xTaskIncrementTick                     0x08003860   Section        0  tasks.o(i.xTaskIncrementTick)
    i.xTaskPriorityDisinherit                0x080039f0   Section        0  tasks.o(i.xTaskPriorityDisinherit)
    i.xTaskPriorityInherit                   0x08003a84   Section        0  tasks.o(i.xTaskPriorityInherit)
    i.xTaskRemoveFromEventList               0x08003b5c   Section        0  tasks.o(i.xTaskRemoveFromEventList)
    i.xTaskResumeAll                         0x08003c64   Section        0  tasks.o(i.xTaskResumeAll)
    i.xTimerCreateTimerTask                  0x08003dbc   Section        0  timers.o(i.xTimerCreateTimerTask)
    locale$$code                             0x08003e1c   Section       44  lc_numeric_c.o(locale$$code)
    x$fpl$d2f                                0x08003e48   Section       98  d2f.o(x$fpl$d2f)
    x$fpl$dadd                               0x08003eac   Section      336  daddsub_clz.o(x$fpl$dadd)
    _dadd1                                   0x08003ebd   Thumb Code     0  daddsub_clz.o(x$fpl$dadd)
    x$fpl$dfltu                              0x08003ffc   Section       38  dflt_clz.o(x$fpl$dfltu)
    x$fpl$dmul                               0x08004024   Section      340  dmul.o(x$fpl$dmul)
    x$fpl$dnaninf                            0x08004178   Section      156  dnaninf.o(x$fpl$dnaninf)
    x$fpl$dretinf                            0x08004214   Section       12  dretinf.o(x$fpl$dretinf)
    x$fpl$dsub                               0x08004220   Section      468  daddsub_clz.o(x$fpl$dsub)
    _dsub1                                   0x08004231   Thumb Code     0  daddsub_clz.o(x$fpl$dsub)
    x$fpl$f2d                                0x080043f4   Section       86  f2d.o(x$fpl$f2d)
    x$fpl$fadd                               0x0800444c   Section      196  faddsub_clz.o(x$fpl$fadd)
    _fadd1                                   0x0800445b   Thumb Code     0  faddsub_clz.o(x$fpl$fadd)
    x$fpl$fcmpinf                            0x08004510   Section       24  fcmpi.o(x$fpl$fcmpinf)
    x$fpl$fdiv                               0x08004528   Section      388  fdiv.o(x$fpl$fdiv)
    _fdiv1                                   0x08004529   Thumb Code     0  fdiv.o(x$fpl$fdiv)
    x$fpl$ffltu                              0x080046ac   Section       38  fflt_clz.o(x$fpl$ffltu)
    x$fpl$fleqf                              0x080046d4   Section      104  fleqf.o(x$fpl$fleqf)
    x$fpl$fmul                               0x0800473c   Section      258  fmul.o(x$fpl$fmul)
    x$fpl$fnaninf                            0x0800483e   Section      140  fnaninf.o(x$fpl$fnaninf)
    x$fpl$fretinf                            0x080048ca   Section       10  fretinf.o(x$fpl$fretinf)
    x$fpl$frleqf                             0x080048d4   Section       98  frleqf.o(x$fpl$frleqf)
    x$fpl$fsub                               0x08004938   Section      234  faddsub_clz.o(x$fpl$fsub)
    _fsub1                                   0x08004947   Thumb Code     0  faddsub_clz.o(x$fpl$fsub)
    x$fpl$printf1                            0x08004a22   Section        4  printf1.o(x$fpl$printf1)
    x$fpl$usenofp                            0x08004a26   Section        0  usenofp.o(x$fpl$usenofp)
    .constdata                               0x08004a28   Section      148  bigflt0.o(.constdata)
    tenpwrs_x                                0x08004a28   Data          60  bigflt0.o(.constdata)
    tenpwrs_i                                0x08004a64   Data          64  bigflt0.o(.constdata)
    locale$$data                             0x08004adc   Section       28  lc_numeric_c.o(locale$$data)
    __lcnum_c_name                           0x08004ae0   Data           2  lc_numeric_c.o(locale$$data)
    __lcnum_c_start                          0x08004ae8   Data           0  lc_numeric_c.o(locale$$data)
    __lcnum_c_point                          0x08004af4   Data           0  lc_numeric_c.o(locale$$data)
    __lcnum_c_thousands                      0x08004af6   Data           0  lc_numeric_c.o(locale$$data)
    __lcnum_c_grouping                       0x08004af7   Data           0  lc_numeric_c.o(locale$$data)
    __lcnum_c_end                            0x08004af8   Data           0  lc_numeric_c.o(locale$$data)
    .data                                    0x20000000   Section        4  lcd_i2c.o(.data)
    GPIO_InitStructure                       0x20000000   Data           4  lcd_i2c.o(.data)
    .data                                    0x20000004   Section        4  main.o(.data)
    .data                                    0x20000008   Section       20  stm32f10x_rcc.o(.data)
    APBAHBPrescTable                         0x20000008   Data          16  stm32f10x_rcc.o(.data)
    ADCPrescTable                            0x20000018   Data           4  stm32f10x_rcc.o(.data)
    .data                                    0x2000001c   Section       20  system_stm32f10x.o(.data)
    .data                                    0x20000030   Section       28  heap_4.o(.data)
    xStart                                   0x20000030   Data           8  heap_4.o(.data)
    pxEnd                                    0x20000038   Data           4  heap_4.o(.data)
    xFreeBytesRemaining                      0x2000003c   Data           4  heap_4.o(.data)
    xMinimumEverFreeBytesRemaining           0x20000040   Data           4  heap_4.o(.data)
    xNumberOfSuccessfulAllocations           0x20000044   Data           4  heap_4.o(.data)
    xNumberOfSuccessfulFrees                 0x20000048   Data           4  heap_4.o(.data)
    .data                                    0x2000004c   Section        4  port.o(.data)
    uxCriticalNesting                        0x2000004c   Data           4  port.o(.data)
    .data                                    0x20000050   Section       64  tasks.o(.data)
    pxDelayedTaskList                        0x20000054   Data           4  tasks.o(.data)
    pxOverflowDelayedTaskList                0x20000058   Data           4  tasks.o(.data)
    uxDeletedTasksWaitingCleanUp             0x2000005c   Data           4  tasks.o(.data)
    uxCurrentNumberOfTasks                   0x20000060   Data           4  tasks.o(.data)
    xTickCount                               0x20000064   Data           4  tasks.o(.data)
    uxTopReadyPriority                       0x20000068   Data           4  tasks.o(.data)
    xSchedulerRunning                        0x2000006c   Data           4  tasks.o(.data)
    xPendedTicks                             0x20000070   Data           4  tasks.o(.data)
    xYieldPending                            0x20000074   Data           4  tasks.o(.data)
    xNumOfOverflows                          0x20000078   Data           4  tasks.o(.data)
    uxTaskNumber                             0x2000007c   Data           4  tasks.o(.data)
    xNextTaskUnblockTime                     0x20000080   Data           4  tasks.o(.data)
    xIdleTaskHandle                          0x20000084   Data           4  tasks.o(.data)
    uxSchedulerSuspended                     0x2000008c   Data           4  tasks.o(.data)
    .data                                    0x20000090   Section       20  timers.o(.data)
    pxCurrentTimerList                       0x20000090   Data           4  timers.o(.data)
    pxOverflowTimerList                      0x20000094   Data           4  timers.o(.data)
    xTimerQueue                              0x20000098   Data           4  timers.o(.data)
    xTimerTaskHandle                         0x2000009c   Data           4  timers.o(.data)
    xLastTime                                0x200000a0   Data           4  timers.o(.data)
    .bss                                     0x200000a4   Section       16  lcd_i2c.o(.bss)
    I2C_InitStructure                        0x200000a4   Data          16  lcd_i2c.o(.bss)
    .bss                                     0x200000b4   Section      916  clib_arm.o(.bss)
    os_libspace                              0x200000b4   Data         480  clib_arm.o(.bss)
    os_libspace_id                           0x20000294   Data          16  clib_arm.o(.bss)
    clib_mutex_cb                            0x200002a4   Data         400  clib_arm.o(.bss)
    clib_mutex_id                            0x20000434   Data          20  clib_arm.o(.bss)
    .bss                                     0x20000448   Section     1016  cmsis_os2.o(.bss)
    Idle_TCB                                 0x20000448   Data          92  cmsis_os2.o(.bss)
    Idle_Stack                               0x200004a4   Data         512  cmsis_os2.o(.bss)
    Timer_TCB                                0x200006a4   Data          92  cmsis_os2.o(.bss)
    Timer_Stack                              0x20000700   Data         320  cmsis_os2.o(.bss)
    .bss                                     0x20000840   Section     8192  heap_4.o(.bss)
    ucHeap                                   0x20000840   Data        8192  heap_4.o(.bss)
    .bss                                     0x20002840   Section     1220  tasks.o(.bss)
    pxReadyTasksLists                        0x20002840   Data        1120  tasks.o(.bss)
    xDelayedTaskList1                        0x20002ca0   Data          20  tasks.o(.bss)
    xDelayedTaskList2                        0x20002cb4   Data          20  tasks.o(.bss)
    xPendingReadyList                        0x20002cc8   Data          20  tasks.o(.bss)
    xTasksWaitingTermination                 0x20002cdc   Data          20  tasks.o(.bss)
    xSuspendedTaskList                       0x20002cf0   Data          20  tasks.o(.bss)
    .bss                                     0x20002d04   Section      200  timers.o(.bss)
    xActiveTimerList1                        0x20002d04   Data          20  timers.o(.bss)
    xActiveTimerList2                        0x20002d18   Data          20  timers.o(.bss)
    xStaticTimerQueue                        0x20002d2c   Data          80  timers.o(.bss)
    ucStaticTimerQueueStorage                0x20002d7c   Data          80  timers.o(.bss)
    .bss                                     0x20002dcc   Section       96  libspace.o(.bss)
    HEAP                                     0x20002e30   Section      512  startup_stm32f10x_md.o(HEAP)
    Heap_Mem                                 0x20002e30   Data         512  startup_stm32f10x_md.o(HEAP)
    STACK                                    0x20003030   Section     1024  startup_stm32f10x_md.o(STACK)
    Stack_Mem                                0x20003030   Data        1024  startup_stm32f10x_md.o(STACK)
    __initial_sp                             0x20003430   Data           0  startup_stm32f10x_md.o(STACK)

    Global Symbols

    Symbol Name                              Value     Ov Type        Size  Object(Section)

    BuildAttributes$$THM_ISAv4$P$D$K$B$S$PE$A:L22UL41UL21$X:L11$S22US41US21$IEEE1$IW$USESV6$~STKCKD$USESV7$~SHL$OTIME$ROPI$IEEEJ$EBA8$UX$STANDARDLIB$REQ8$PRES8$EABIv2 0x00000000   Number         0  anon$$obj.o ABSOLUTE
    __ARM_use_no_argv                        0x00000000   Number         0  main.o ABSOLUTE
    _printf_flags                            0x00000000   Number         0  printf_stubs.o ABSOLUTE
    _printf_return_value                     0x00000000   Number         0  printf_stubs.o ABSOLUTE
    _printf_sizespec                         0x00000000   Number         0  printf_stubs.o ABSOLUTE
    _printf_widthprec                        0x00000000   Number         0  printf_stubs.o ABSOLUTE
    __ARM_exceptions_init                     - Undefined Weak Reference
    __alloca_initialize                       - Undefined Weak Reference
    __arm_fini_                               - Undefined Weak Reference
    __arm_preinit_                            - Undefined Weak Reference
    __cpp_initialize__aeabi_                  - Undefined Weak Reference
    __cxa_finalize                            - Undefined Weak Reference
    __sigvec_lookup                           - Undefined Weak Reference
    _atexit_init                              - Undefined Weak Reference
    _call_atexit_fns                          - Undefined Weak Reference
    _clock_init                               - Undefined Weak Reference
    _fp_trap_init                             - Undefined Weak Reference
    _fp_trap_shutdown                         - Undefined Weak Reference
    _get_lc_collate                           - Undefined Weak Reference
    _get_lc_ctype                             - Undefined Weak Reference
    _get_lc_monetary                          - Undefined Weak Reference
    _get_lc_time                              - Undefined Weak Reference
    _getenv_init                              - Undefined Weak Reference
    _handle_redirection                       - Undefined Weak Reference
    _init_alloc                               - Undefined Weak Reference
    _init_user_alloc                          - Undefined Weak Reference
    _initio                                   - Undefined Weak Reference
    _printf_post_padding                      - Undefined Weak Reference
    _printf_pre_padding                       - Undefined Weak Reference
    _rand_init                                - Undefined Weak Reference
    _signal_finish                            - Undefined Weak Reference
    _signal_init                              - Undefined Weak Reference
    _terminate_alloc                          - Undefined Weak Reference
    _terminate_user_alloc                     - Undefined Weak Reference
    _terminateio                              - Undefined Weak Reference
    __Vectors_Size                           0x000000ec   Number         0  startup_stm32f10x_md.o ABSOLUTE
    __Vectors                                0x08000000   Data           4  startup_stm32f10x_md.o(RESET)
    __Vectors_End                            0x080000ec   Data           0  startup_stm32f10x_md.o(RESET)
    __main                                   0x080000ed   Thumb Code     8  __main.o(!!!main)
    __scatterload                            0x080000f5   Thumb Code     0  __scatter.o(!!!scatter)
    __scatterload_rt2                        0x080000f5   Thumb Code    44  __scatter.o(!!!scatter)
    __scatterload_rt2_thumb_only             0x080000f5   Thumb Code     0  __scatter.o(!!!scatter)
    __scatterload_null                       0x08000103   Thumb Code     0  __scatter.o(!!!scatter)
    __scatterload_copy                       0x08000129   Thumb Code    26  __scatter_copy.o(!!handler_copy)
    __scatterload_zeroinit                   0x08000145   Thumb Code    28  __scatter_zi.o(!!handler_zi)
    _printf_f                                0x08000161   Thumb Code     0  _printf_f.o(.ARM.Collect$$_printf_percent$$00000003)
    _printf_percent                          0x08000161   Thumb Code     0  _printf_percent.o(.ARM.Collect$$_printf_percent$$00000000)
    _printf_percent_end                      0x08000167   Thumb Code     0  _printf_percent_end.o(.ARM.Collect$$_printf_percent$$00000017)
    __rt_lib_init                            0x0800016b   Thumb Code     0  libinit.o(.ARM.Collect$$libinit$$00000000)
    __rt_lib_init_fp_1                       0x0800016d   Thumb Code     0  libinit2.o(.ARM.Collect$$libinit$$00000002)
    __rt_lib_init_heap_1                     0x0800016d   Thumb Code     0  libinit2.o(.ARM.Collect$$libinit$$0000000A)
    __rt_lib_init_lc_common                  0x0800016d   Thumb Code     0  libinit2.o(.ARM.Collect$$libinit$$0000000F)
    __rt_lib_init_preinit_1                  0x0800016d   Thumb Code     0  libinit2.o(.ARM.Collect$$libinit$$00000004)
    __rt_lib_init_rand_1                     0x0800016d   Thumb Code     0  libinit2.o(.ARM.Collect$$libinit$$0000000E)
    __rt_lib_init_user_alloc_1               0x0800016d   Thumb Code     0  libinit2.o(.ARM.Collect$$libinit$$0000000C)
    __rt_lib_init_lc_collate_1               0x08000173   Thumb Code     0  libinit2.o(.ARM.Collect$$libinit$$00000011)
    __rt_lib_init_lc_ctype_1                 0x08000173   Thumb Code     0  libinit2.o(.ARM.Collect$$libinit$$00000013)
    __rt_lib_init_lc_monetary_1              0x08000173   Thumb Code     0  libinit2.o(.ARM.Collect$$libinit$$00000015)
    __rt_lib_init_lc_numeric_2               0x08000173   Thumb Code     0  libinit2.o(.ARM.Collect$$libinit$$00000016)
    __rt_lib_init_alloca_1                   0x0800017d   Thumb Code     0  libinit2.o(.ARM.Collect$$libinit$$0000002E)
    __rt_lib_init_argv_1                     0x0800017d   Thumb Code     0  libinit2.o(.ARM.Collect$$libinit$$0000002C)
    __rt_lib_init_atexit_1                   0x0800017d   Thumb Code     0  libinit2.o(.ARM.Collect$$libinit$$0000001B)
    __rt_lib_init_clock_1                    0x0800017d   Thumb Code     0  libinit2.o(.ARM.Collect$$libinit$$00000021)
    __rt_lib_init_cpp_1                      0x0800017d   Thumb Code     0  libinit2.o(.ARM.Collect$$libinit$$00000032)
    __rt_lib_init_exceptions_1               0x0800017d   Thumb Code     0  libinit2.o(.ARM.Collect$$libinit$$00000030)
    __rt_lib_init_fp_trap_1                  0x0800017d   Thumb Code     0  libinit2.o(.ARM.Collect$$libinit$$0000001F)
    __rt_lib_init_getenv_1                   0x0800017d   Thumb Code     0  libinit2.o(.ARM.Collect$$libinit$$00000023)
    __rt_lib_init_lc_numeric_1               0x0800017d   Thumb Code     0  libinit2.o(.ARM.Collect$$libinit$$00000017)
    __rt_lib_init_lc_time_1                  0x0800017d   Thumb Code     0  libinit2.o(.ARM.Collect$$libinit$$00000019)
    __rt_lib_init_return                     0x0800017d   Thumb Code     0  libinit2.o(.ARM.Collect$$libinit$$00000033)
    __rt_lib_init_signal_1                   0x0800017d   Thumb Code     0  libinit2.o(.ARM.Collect$$libinit$$0000001D)
    __rt_lib_init_stdio_1                    0x0800017d   Thumb Code     0  libinit2.o(.ARM.Collect$$libinit$$00000025)
    __rt_lib_shutdown                        0x0800017f   Thumb Code     0  libshutdown.o(.ARM.Collect$$libshutdown$$00000000)
    __rt_lib_shutdown_cpp_1                  0x08000181   Thumb Code     0  libshutdown2.o(.ARM.Collect$$libshutdown$$00000004)
    __rt_lib_shutdown_fini_1                 0x08000181   Thumb Code     0  libshutdown2.o(.ARM.Collect$$libshutdown$$00000002)
    __rt_lib_shutdown_fp_trap_1              0x08000181   Thumb Code     0  libshutdown2.o(.ARM.Collect$$libshutdown$$00000009)
    __rt_lib_shutdown_heap_1                 0x08000181   Thumb Code     0  libshutdown2.o(.ARM.Collect$$libshutdown$$00000011)
    __rt_lib_shutdown_return                 0x08000181   Thumb Code     0  libshutdown2.o(.ARM.Collect$$libshutdown$$00000012)
    __rt_lib_shutdown_signal_1               0x08000181   Thumb Code     0  libshutdown2.o(.ARM.Collect$$libshutdown$$0000000C)
    __rt_lib_shutdown_stdio_1                0x08000181   Thumb Code     0  libshutdown2.o(.ARM.Collect$$libshutdown$$00000006)
    __rt_lib_shutdown_user_alloc_1           0x08000181   Thumb Code     0  libshutdown2.o(.ARM.Collect$$libshutdown$$0000000E)
    __rt_entry                               0x08000183   Thumb Code     0  __rtentry.o(.ARM.Collect$$rtentry$$00000000)
    __rt_entry_presh_1                       0x08000183   Thumb Code     0  __rtentry2.o(.ARM.Collect$$rtentry$$00000002)
    __rt_entry_sh                            0x08000183   Thumb Code     0  __rtentry4.o(.ARM.Collect$$rtentry$$00000004)
    __rt_entry_postsh_1                      0x08000189   Thumb Code     0  __rtentry2.o(.ARM.Collect$$rtentry$$00000008)
    __rt_entry_li                            0x08000191   Thumb Code     0  __rtentry2.o(.ARM.Collect$$rtentry$$0000000A)
    __rt_entry_main                          0x08000195   Thumb Code     0  __rtentry2.o(.ARM.Collect$$rtentry$$0000000D)
    __rt_entry_postli_1                      0x08000195   Thumb Code     0  __rtentry2.o(.ARM.Collect$$rtentry$$0000000C)
    __rt_exit                                0x0800019d   Thumb Code     0  rtexit.o(.ARM.Collect$$rtexit$$00000000)
    __rt_exit_ls                             0x0800019f   Thumb Code     0  rtexit2.o(.ARM.Collect$$rtexit$$00000003)
    __rt_exit_prels_1                        0x0800019f   Thumb Code     0  rtexit2.o(.ARM.Collect$$rtexit$$00000002)
    __rt_exit_exit                           0x080001a3   Thumb Code     0  rtexit2.o(.ARM.Collect$$rtexit$$00000004)
    SVC_Handler                              0x080001a9   Thumb Code    32  port.o(.emb_text)
    __asm___6_port_c_39a90d8d__prvStartFirstTask 0x080001cd   Thumb Code    28  port.o(.emb_text)
    PendSV_Handler                           0x080001ed   Thumb Code    72  port.o(.emb_text)
    vPortGetIPSR                             0x08000239   Thumb Code     6  port.o(.emb_text)
    Reset_Handler                            0x08000241   Thumb Code     8  startup_stm32f10x_md.o(.text)
    NMI_Handler                              0x08000249   Thumb Code     2  startup_stm32f10x_md.o(.text)
    HardFault_Handler                        0x0800024b   Thumb Code     2  startup_stm32f10x_md.o(.text)
    MemManage_Handler                        0x0800024d   Thumb Code     2  startup_stm32f10x_md.o(.text)
    BusFault_Handler                         0x0800024f   Thumb Code     2  startup_stm32f10x_md.o(.text)
    UsageFault_Handler                       0x08000251   Thumb Code     2  startup_stm32f10x_md.o(.text)
    DebugMon_Handler                         0x08000255   Thumb Code     2  startup_stm32f10x_md.o(.text)
    ADC1_2_IRQHandler                        0x0800025b   Thumb Code     0  startup_stm32f10x_md.o(.text)
    CAN1_RX1_IRQHandler                      0x0800025b   Thumb Code     0  startup_stm32f10x_md.o(.text)
    CAN1_SCE_IRQHandler                      0x0800025b   Thumb Code     0  startup_stm32f10x_md.o(.text)
    DMA1_Channel1_IRQHandler                 0x0800025b   Thumb Code     0  startup_stm32f10x_md.o(.text)
    DMA1_Channel2_IRQHandler                 0x0800025b   Thumb Code     0  startup_stm32f10x_md.o(.text)
    DMA1_Channel3_IRQHandler                 0x0800025b   Thumb Code     0  startup_stm32f10x_md.o(.text)
    DMA1_Channel4_IRQHandler                 0x0800025b   Thumb Code     0  startup_stm32f10x_md.o(.text)
    DMA1_Channel5_IRQHandler                 0x0800025b   Thumb Code     0  startup_stm32f10x_md.o(.text)
    DMA1_Channel6_IRQHandler                 0x0800025b   Thumb Code     0  startup_stm32f10x_md.o(.text)
    DMA1_Channel7_IRQHandler                 0x0800025b   Thumb Code     0  startup_stm32f10x_md.o(.text)
    EXTI0_IRQHandler                         0x0800025b   Thumb Code     0  startup_stm32f10x_md.o(.text)
    EXTI15_10_IRQHandler                     0x0800025b   Thumb Code     0  startup_stm32f10x_md.o(.text)
    EXTI1_IRQHandler                         0x0800025b   Thumb Code     0  startup_stm32f10x_md.o(.text)
    EXTI2_IRQHandler                         0x0800025b   Thumb Code     0  startup_stm32f10x_md.o(.text)
    EXTI3_IRQHandler                         0x0800025b   Thumb Code     0  startup_stm32f10x_md.o(.text)
    EXTI4_IRQHandler                         0x0800025b   Thumb Code     0  startup_stm32f10x_md.o(.text)
    EXTI9_5_IRQHandler                       0x0800025b   Thumb Code     0  startup_stm32f10x_md.o(.text)
    FLASH_IRQHandler                         0x0800025b   Thumb Code     0  startup_stm32f10x_md.o(.text)
    I2C1_ER_IRQHandler                       0x0800025b   Thumb Code     0  startup_stm32f10x_md.o(.text)
    I2C1_EV_IRQHandler                       0x0800025b   Thumb Code     0  startup_stm32f10x_md.o(.text)
    I2C2_ER_IRQHandler                       0x0800025b   Thumb Code     0  startup_stm32f10x_md.o(.text)
    I2C2_EV_IRQHandler                       0x0800025b   Thumb Code     0  startup_stm32f10x_md.o(.text)
    PVD_IRQHandler                           0x0800025b   Thumb Code     0  startup_stm32f10x_md.o(.text)
    RCC_IRQHandler                           0x0800025b   Thumb Code     0  startup_stm32f10x_md.o(.text)
    RTCAlarm_IRQHandler                      0x0800025b   Thumb Code     0  startup_stm32f10x_md.o(.text)
    RTC_IRQHandler                           0x0800025b   Thumb Code     0  startup_stm32f10x_md.o(.text)
    SPI1_IRQHandler                          0x0800025b   Thumb Code     0  startup_stm32f10x_md.o(.text)
    SPI2_IRQHandler                          0x0800025b   Thumb Code     0  startup_stm32f10x_md.o(.text)
    TAMPER_IRQHandler                        0x0800025b   Thumb Code     0  startup_stm32f10x_md.o(.text)
    TIM1_BRK_IRQHandler                      0x0800025b   Thumb Code     0  startup_stm32f10x_md.o(.text)
    TIM1_CC_IRQHandler                       0x0800025b   Thumb Code     0  startup_stm32f10x_md.o(.text)
    TIM1_TRG_COM_IRQHandler                  0x0800025b   Thumb Code     0  startup_stm32f10x_md.o(.text)
    TIM1_UP_IRQHandler                       0x0800025b   Thumb Code     0  startup_stm32f10x_md.o(.text)
    TIM2_IRQHandler                          0x0800025b   Thumb Code     0  startup_stm32f10x_md.o(.text)
    TIM3_IRQHandler                          0x0800025b   Thumb Code     0  startup_stm32f10x_md.o(.text)
    TIM4_IRQHandler                          0x0800025b   Thumb Code     0  startup_stm32f10x_md.o(.text)
    USART1_IRQHandler                        0x0800025b   Thumb Code     0  startup_stm32f10x_md.o(.text)
    USART2_IRQHandler                        0x0800025b   Thumb Code     0  startup_stm32f10x_md.o(.text)
    USART3_IRQHandler                        0x0800025b   Thumb Code     0  startup_stm32f10x_md.o(.text)
    USBWakeUp_IRQHandler                     0x0800025b   Thumb Code     0  startup_stm32f10x_md.o(.text)
    USB_HP_CAN1_TX_IRQHandler                0x0800025b   Thumb Code     0  startup_stm32f10x_md.o(.text)
    USB_LP_CAN1_RX0_IRQHandler               0x0800025b   Thumb Code     0  startup_stm32f10x_md.o(.text)
    WWDG_IRQHandler                          0x0800025b   Thumb Code     0  startup_stm32f10x_md.o(.text)
    __user_initial_stackheap                 0x0800025d   Thumb Code     0  startup_stm32f10x_md.o(.text)
    __2sprintf                               0x08000281   Thumb Code    34  noretval__2sprintf.o(.text)
    __printf                                 0x080002a9   Thumb Code   270  __printf_wp.o(.text)
    __aeabi_memcpy                           0x080003b7   Thumb Code     0  rt_memcpy_v6.o(.text)
    __rt_memcpy                              0x080003b7   Thumb Code   138  rt_memcpy_v6.o(.text)
    _memcpy_lastbytes                        0x0800041d   Thumb Code     0  rt_memcpy_v6.o(.text)
    __aeabi_memset                           0x08000441   Thumb Code    16  aeabi_memset.o(.text)
    __aeabi_memclr                           0x08000451   Thumb Code     0  rt_memclr.o(.text)
    __rt_memclr                              0x08000451   Thumb Code    68  rt_memclr.o(.text)
    _memset                                  0x08000455   Thumb Code     0  rt_memclr.o(.text)
    __aeabi_memclr4                          0x08000495   Thumb Code     0  rt_memclr_w.o(.text)
    __aeabi_memclr8                          0x08000495   Thumb Code     0  rt_memclr_w.o(.text)
    __rt_memclr_w                            0x08000495   Thumb Code    78  rt_memclr_w.o(.text)
    _memset_w                                0x08000499   Thumb Code     0  rt_memclr_w.o(.text)
    __use_two_region_memory                  0x080004e3   Thumb Code     2  heapauxi.o(.text)
    __rt_heap_escrow$2region                 0x080004e5   Thumb Code     2  heapauxi.o(.text)
    __rt_heap_expand$2region                 0x080004e7   Thumb Code     2  heapauxi.o(.text)
    __lib_sel_fp_printf                      0x080004e9   Thumb Code     2  _printf_fp_dec.o(.text)
    _printf_fp_dec_real                      0x0800069b   Thumb Code   620  _printf_fp_dec.o(.text)
    _printf_char_common                      0x08000913   Thumb Code    32  _printf_char_common.o(.text)
    _sputc                                   0x08000939   Thumb Code    10  _sputc.o(.text)
    __aeabi_memcpy4                          0x08000943   Thumb Code     0  rt_memcpy_w.o(.text)
    __aeabi_memcpy8                          0x08000943   Thumb Code     0  rt_memcpy_w.o(.text)
    __rt_memcpy_w                            0x08000943   Thumb Code   100  rt_memcpy_w.o(.text)
    _memcpy_lastbytes_aligned                0x0800098b   Thumb Code     0  rt_memcpy_w.o(.text)
    __rt_locale                              0x080009a7   Thumb Code    10  rt_locale_twolibspace.o(.text)
    _ll_udiv10                               0x080009b1   Thumb Code   138  lludiv10.o(.text)
    _printf_fp_infnan                        0x08000a3d   Thumb Code   112  _printf_fp_infnan.o(.text)
    _btod_etento                             0x08000abd   Thumb Code   224  bigflt0.o(.text)
    __user_libspace                          0x08000ba1   Thumb Code     8  libspace.o(.text)
    __user_perproc_libspace                  0x08000ba1   Thumb Code     0  libspace.o(.text)
    __user_setup_stackheap                   0x08000ba9   Thumb Code    74  sys_stackheap_outer.o(.text)
    exit                                     0x08000bf3   Thumb Code    18  exit.o(.text)
    strcmp                                   0x08000c05   Thumb Code   128  strcmpv7m.o(.text)
    _sys_exit                                0x08000c85   Thumb Code     8  sys_exit.o(.text)
    __I$use$semihosting                      0x08000c91   Thumb Code     0  use_no_semi.o(.text)
    __use_no_semihosting_swi                 0x08000c91   Thumb Code     2  use_no_semi.o(.text)
    __semihosting_library_function           0x08000c93   Thumb Code     0  indicate_semi.o(.text)
    _btod_d2e                                0x08000c93   Thumb Code    62  btod.o(CL$$btod_d2e)
    _d2e_denorm_low                          0x08000cd1   Thumb Code    70  btod.o(CL$$btod_d2e_denorm_low)
    _d2e_norm_op1                            0x08000d17   Thumb Code    96  btod.o(CL$$btod_d2e_norm_op1)
    __btod_div_common                        0x08000d77   Thumb Code   696  btod.o(CL$$btod_div_common)
    _e2e                                     0x080010af   Thumb Code   220  btod.o(CL$$btod_e2e)
    _btod_ediv                               0x0800118b   Thumb Code    42  btod.o(CL$$btod_ediv)
    _btod_emul                               0x080011b5   Thumb Code    42  btod.o(CL$$btod_emul)
    __btod_mult_common                       0x080011df   Thumb Code   580  btod.o(CL$$btod_mult_common)
    ADC_Cmd                                  0x08001423   Thumb Code    22  stm32f10x_adc.o(i.ADC_Cmd)
    ADC_GetConversionValue                   0x08001439   Thumb Code     8  stm32f10x_adc.o(i.ADC_GetConversionValue)
    ADC_Init                                 0x08001441   Thumb Code    70  stm32f10x_adc.o(i.ADC_Init)
    ADC_RegularChannelConfig                 0x08001491   Thumb Code   184  stm32f10x_adc.o(i.ADC_RegularChannelConfig)
    ADC_SoftwareStartConvCmd                 0x08001549   Thumb Code    22  stm32f10x_adc.o(i.ADC_SoftwareStartConvCmd)
    GPIO_Init                                0x0800155f   Thumb Code   278  stm32f10x_gpio.o(i.GPIO_Init)
    I2C_CheckEvent                           0x08001675   Thumb Code    42  stm32f10x_i2c.o(i.I2C_CheckEvent)
    I2C_Cmd                                  0x0800169f   Thumb Code    24  stm32f10x_i2c.o(i.I2C_Cmd)
    I2C_GenerateSTART                        0x080016b7   Thumb Code    24  stm32f10x_i2c.o(i.I2C_GenerateSTART)
    I2C_GenerateSTOP                         0x080016cf   Thumb Code    24  stm32f10x_i2c.o(i.I2C_GenerateSTOP)
    I2C_Init                                 0x080016e9   Thumb Code   222  stm32f10x_i2c.o(i.I2C_Init)
    I2C_LCD_Configuration                    0x080017d5   Thumb Code    84  lcd_i2c.o(i.I2C_LCD_Configuration)
    I2C_Send7bitAddress                      0x0800183d   Thumb Code    18  stm32f10x_i2c.o(i.I2C_Send7bitAddress)
    I2C_SendData                             0x0800184f   Thumb Code     4  stm32f10x_i2c.o(i.I2C_SendData)
    RCC_APB1PeriphClockCmd                   0x08001855   Thumb Code    26  stm32f10x_rcc.o(i.RCC_APB1PeriphClockCmd)
    RCC_APB2PeriphClockCmd                   0x08001875   Thumb Code    26  stm32f10x_rcc.o(i.RCC_APB2PeriphClockCmd)
    RCC_GetClocksFreq                        0x08001895   Thumb Code   192  stm32f10x_rcc.o(i.RCC_GetClocksFreq)
    SysTick_Handler                          0x08001a51   Thumb Code    22  cmsis_os2.o(i.SysTick_Handler)
    SystemCoreClockUpdate                    0x08001a69   Thumb Code   142  system_stm32f10x.o(i.SystemCoreClockUpdate)
    SystemInit                               0x08001b0d   Thumb Code    78  system_stm32f10x.o(i.SystemInit)
    TIM_Cmd                                  0x08001b6d   Thumb Code    24  stm32f10x_tim.o(i.TIM_Cmd)
    TIM_GetCounter                           0x08001b85   Thumb Code     6  stm32f10x_tim.o(i.TIM_GetCounter)
    TIM_SetCounter                           0x08001b8b   Thumb Code     4  stm32f10x_tim.o(i.TIM_SetCounter)
    TIM_TimeBaseInit                         0x08001b91   Thumb Code   122  stm32f10x_tim.o(i.TIM_TimeBaseInit)
    __ARM_fpclassify                         0x08001c35   Thumb Code    40  fpclassify.o(i.__ARM_fpclassify)
    _is_digit                                0x08001c5d   Thumb Code    14  __printf_wp.o(i._is_digit)
    _mutex_acquire                           0x08001c6b   Thumb Code    28  clib_arm.o(i._mutex_acquire)
    _mutex_free                              0x08001c89   Thumb Code    46  clib_arm.o(i._mutex_free)
    _mutex_initialize                        0x08001cbd   Thumb Code    98  clib_arm.o(i._mutex_initialize)
    _mutex_release                           0x08001d29   Thumb Code    30  clib_arm.o(i._mutex_release)
    _platform_post_stackheap_init            0x08001d47   Thumb Code     2  clib_arm.o(i._platform_post_stackheap_init)
    adc_1_get_value                          0x08001d49   Thumb Code    10  adc.o(i.adc_1_get_value)
    adc_1_init                               0x08001d59   Thumb Code   116  adc.o(i.adc_1_init)
    adc_2_get_value                          0x08001dd5   Thumb Code    10  adc.o(i.adc_2_get_value)
    adc_2_init                               0x08001de5   Thumb Code   116  adc.o(i.adc_2_init)
    delay_init                               0x08001e61   Thumb Code    60  delay.o(i.delay_init)
    delay_ms                                 0x08001e9d   Thumb Code    40  delay.o(i.delay_ms)
    delay_us                                 0x08001ec5   Thumb Code    30  delay.o(i.delay_us)
    lcd_Control_Write                        0x08001ef3   Thumb Code    72  lcd_i2c.o(i.lcd_Control_Write)
    lcd_Data_Write                           0x08001f3b   Thumb Code    76  lcd_i2c.o(i.lcd_Data_Write)
    lcd_Write_byte                           0x08001f89   Thumb Code    84  lcd_i2c.o(i.lcd_Write_byte)
    lcd_gotoxy                               0x08001fe9   Thumb Code    32  lcd_i2c.o(i.lcd_gotoxy)
    lcd_init                                 0x08002009   Thumb Code    96  lcd_i2c.o(i.lcd_init)
    lcd_send_string                          0x08002069   Thumb Code    22  lcd_i2c.o(i.lcd_send_string)
    main                                     0x08002081   Thumb Code    80  main.o(i.main)
    map                                      0x080020f5   Thumb Code    22  adc.o(i.map)
    map_adc_value                            0x0800210b   Thumb Code   104  main.o(i.map_adc_value)
    pvPortMalloc                             0x08002ac9   Thumb Code   208  heap_4.o(i.pvPortMalloc)
    pvTaskIncrementMutexHeldCount            0x08002bad   Thumb Code    26  tasks.o(i.pvTaskIncrementMutexHeldCount)
    pxPortInitialiseStack                    0x08002bcd   Thumb Code    30  port.o(i.pxPortInitialiseStack)
    uxListRemove                             0x08002bf1   Thumb Code    40  list.o(i.uxListRemove)
    vApplicationGetIdleTaskMemory            0x08002c19   Thumb Code    14  cmsis_os2.o(i.vApplicationGetIdleTaskMemory)
    vApplicationGetTimerTaskMemory           0x08002c31   Thumb Code    14  cmsis_os2.o(i.vApplicationGetTimerTaskMemory)
    vApplicationStackOverflowHook            0x08002c49   Thumb Code     2  cmsis_os2.o(i.vApplicationStackOverflowHook)
    vListInitialise                          0x08002c4b   Thumb Code    26  list.o(i.vListInitialise)
    vListInitialiseItem                      0x08002c65   Thumb Code     6  list.o(i.vListInitialiseItem)
    vListInsert                              0x08002c6b   Thumb Code    52  list.o(i.vListInsert)
    vPortEnterCritical                       0x08002ca1   Thumb Code    30  port.o(i.vPortEnterCritical)
    vPortExitCritical                        0x08002cc5   Thumb Code    28  port.o(i.vPortExitCritical)
    vPortFree                                0x08002ce5   Thumb Code    68  heap_4.o(i.vPortFree)
    vPortSetupTimerInterrupt                 0x08002d31   Thumb Code    36  port.o(i.vPortSetupTimerInterrupt)
    vQueueDelete                             0x08002d59   Thumb Code    20  queue.o(i.vQueueDelete)
    vQueueWaitForMessageRestricted           0x08002d6d   Thumb Code    74  queue.o(i.vQueueWaitForMessageRestricted)
    vTaskAmperage                            0x08002db9   Thumb Code   134  main.o(i.vTaskAmperage)
    vTaskDelay                               0x08002e71   Thumb Code    46  tasks.o(i.vTaskDelay)
    vTaskInternalSetTimeOutState             0x08002ea5   Thumb Code    14  tasks.o(i.vTaskInternalSetTimeOutState)
    vTaskMissedYield                         0x08002ebd   Thumb Code     8  tasks.o(i.vTaskMissedYield)
    vTaskPlaceOnEventList                    0x08002ec9   Thumb Code    28  tasks.o(i.vTaskPlaceOnEventList)
    vTaskPlaceOnEventListRestricted          0x08002ee9   Thumb Code    70  tasks.o(i.vTaskPlaceOnEventListRestricted)
    vTaskPriorityDisinheritAfterTimeout      0x08002f35   Thumb Code   182  tasks.o(i.vTaskPriorityDisinheritAfterTimeout)
    vTaskStartScheduler                      0x08002ff5   Thumb Code   124  tasks.o(i.vTaskStartScheduler)
    vTaskSuspendAll                          0x08003091   Thumb Code    12  tasks.o(i.vTaskSuspendAll)
    vTaskSwitchContext                       0x080030a1   Thumb Code   154  tasks.o(i.vTaskSwitchContext)
    vTaskVoltage                             0x08003151   Thumb Code   120  main.o(i.vTaskVoltage)
    xPortStartScheduler                      0x080031e1   Thumb Code    42  port.o(i.xPortStartScheduler)
    xPortSysTickHandler                      0x08003215   Thumb Code    46  port.o(i.xPortSysTickHandler)
    xQueueCreateMutex                        0x08003249   Thumb Code    34  queue.o(i.xQueueCreateMutex)
    xQueueCreateMutexStatic                  0x0800326b   Thumb Code    42  queue.o(i.xQueueCreateMutexStatic)
    xQueueGenericCreate                      0x08003295   Thumb Code    82  queue.o(i.xQueueGenericCreate)
    xQueueGenericCreateStatic                0x080032e7   Thumb Code    62  queue.o(i.xQueueGenericCreateStatic)
    xQueueGenericReset                       0x08003325   Thumb Code   156  queue.o(i.xQueueGenericReset)
    xQueueGenericSend                        0x080033c5   Thumb Code   276  queue.o(i.xQueueGenericSend)
    xQueueReceive                            0x080034dd   Thumb Code   256  queue.o(i.xQueueReceive)
    xQueueSemaphoreTake                      0x080035e1   Thumb Code   300  queue.o(i.xQueueSemaphoreTake)
    xTaskCheckForTimeOut                     0x08003711   Thumb Code    88  tasks.o(i.xTaskCheckForTimeOut)
    xTaskCreate                              0x08003771   Thumb Code   108  tasks.o(i.xTaskCreate)
    xTaskCreateStatic                        0x080037dd   Thumb Code    86  tasks.o(i.xTaskCreateStatic)
    xTaskGetSchedulerState                   0x08003835   Thumb Code    24  tasks.o(i.xTaskGetSchedulerState)
    xTaskGetTickCount                        0x08003855   Thumb Code     6  tasks.o(i.xTaskGetTickCount)
    xTaskIncrementTick                       0x08003861   Thumb Code   354  tasks.o(i.xTaskIncrementTick)
    xTaskPriorityDisinherit                  0x080039f1   Thumb Code   138  tasks.o(i.xTaskPriorityDisinherit)
    xTaskPriorityInherit                     0x08003a85   Thumb Code   202  tasks.o(i.xTaskPriorityInherit)
    xTaskRemoveFromEventList                 0x08003b5d   Thumb Code   238  tasks.o(i.xTaskRemoveFromEventList)
    xTaskResumeAll                           0x08003c65   Thumb Code   308  tasks.o(i.xTaskResumeAll)
    xTimerCreateTimerTask                    0x08003dbd   Thumb Code    76  timers.o(i.xTimerCreateTimerTask)
    _get_lc_numeric                          0x08003e1d   Thumb Code    44  lc_numeric_c.o(locale$$code)
    __aeabi_d2f                              0x08003e49   Thumb Code     0  d2f.o(x$fpl$d2f)
    _d2f                                     0x08003e49   Thumb Code    98  d2f.o(x$fpl$d2f)
    __aeabi_dadd                             0x08003ead   Thumb Code     0  daddsub_clz.o(x$fpl$dadd)
    _dadd                                    0x08003ead   Thumb Code   332  daddsub_clz.o(x$fpl$dadd)
    __aeabi_ui2d                             0x08003ffd   Thumb Code     0  dflt_clz.o(x$fpl$dfltu)
    _dfltu                                   0x08003ffd   Thumb Code    38  dflt_clz.o(x$fpl$dfltu)
    __aeabi_dmul                             0x08004025   Thumb Code     0  dmul.o(x$fpl$dmul)
    _dmul                                    0x08004025   Thumb Code   332  dmul.o(x$fpl$dmul)
    __fpl_dnaninf                            0x08004179   Thumb Code   156  dnaninf.o(x$fpl$dnaninf)
    __fpl_dretinf                            0x08004215   Thumb Code    12  dretinf.o(x$fpl$dretinf)
    __aeabi_dsub                             0x08004221   Thumb Code     0  daddsub_clz.o(x$fpl$dsub)
    _dsub                                    0x08004221   Thumb Code   464  daddsub_clz.o(x$fpl$dsub)
    __aeabi_f2d                              0x080043f5   Thumb Code     0  f2d.o(x$fpl$f2d)
    _f2d                                     0x080043f5   Thumb Code    86  f2d.o(x$fpl$f2d)
    __aeabi_fadd                             0x0800444d   Thumb Code     0  faddsub_clz.o(x$fpl$fadd)
    _fadd                                    0x0800444d   Thumb Code   196  faddsub_clz.o(x$fpl$fadd)
    __fpl_fcmp_Inf                           0x08004511   Thumb Code    24  fcmpi.o(x$fpl$fcmpinf)
    __aeabi_fdiv                             0x08004529   Thumb Code     0  fdiv.o(x$fpl$fdiv)
    _fdiv                                    0x08004529   Thumb Code   384  fdiv.o(x$fpl$fdiv)
    __aeabi_ui2f                             0x080046ad   Thumb Code     0  fflt_clz.o(x$fpl$ffltu)
    _ffltu                                   0x080046ad   Thumb Code    38  fflt_clz.o(x$fpl$ffltu)
    __aeabi_cfcmple                          0x080046d5   Thumb Code     0  fleqf.o(x$fpl$fleqf)
    _fcmple                                  0x080046d5   Thumb Code   104  fleqf.o(x$fpl$fleqf)
    __fpl_fcmple_InfNaN                      0x08004727   Thumb Code     0  fleqf.o(x$fpl$fleqf)
    __aeabi_fmul                             0x0800473d   Thumb Code     0  fmul.o(x$fpl$fmul)
    _fmul                                    0x0800473d   Thumb Code   258  fmul.o(x$fpl$fmul)
    __fpl_fnaninf                            0x0800483f   Thumb Code   140  fnaninf.o(x$fpl$fnaninf)
    __fpl_fretinf                            0x080048cb   Thumb Code    10  fretinf.o(x$fpl$fretinf)
    __aeabi_cfrcmple                         0x080048d5   Thumb Code     0  frleqf.o(x$fpl$frleqf)
    _frcmple                                 0x080048d5   Thumb Code    98  frleqf.o(x$fpl$frleqf)
    __aeabi_fsub                             0x08004939   Thumb Code     0  faddsub_clz.o(x$fpl$fsub)
    _fsub                                    0x08004939   Thumb Code   234  faddsub_clz.o(x$fpl$fsub)
    _printf_fp_dec                           0x08004a23   Thumb Code     4  printf1.o(x$fpl$printf1)
    __I$use$fp                               0x08004a26   Number         0  usenofp.o(x$fpl$usenofp)
    Region$$Table$$Base                      0x08004abc   Number         0  anon$$obj.o(Region$$Table)
    Region$$Table$$Limit                     0x08004adc   Number         0  anon$$obj.o(Region$$Table)
    xMutex                                   0x20000004   Data           4  main.o(.data)
    SystemCoreClock                          0x2000001c   Data           4  system_stm32f10x.o(.data)
    AHBPrescTable                            0x20000020   Data          16  system_stm32f10x.o(.data)
    pxCurrentTCB                             0x20000050   Data           4  tasks.o(.data)
    uxTopUsedPriority                        0x20000088   Data           4  tasks.o(.data)
    __libspace_start                         0x20002dcc   Data          96  libspace.o(.bss)
    __temporary_stack_top$libspace           0x20002e2c   Data           0  libspace.o(.bss)



==============================================================================

Memory Map of the image

  Image Entry point : 0x08000241

  Load Region LR_1 (Base: 0x08000000, Size: 0x00004b9c, Max: 0xffffffff, ABSOLUTE)

    Execution Region ER_RO (Exec base: 0x08000000, Load base: 0x08000000, Size: 0x00004af8, Max: 0xffffffff, ABSOLUTE)

    Exec Addr    Load Addr    Size         Type   Attr      Idx    E Section Name        Object

    0x08000000   0x08000000   0x000000ec   Data   RO         2677    RESET               startup_stm32f10x_md.o
    0x080000ec   0x080000ec   0x00000008   Code   RO         4130  * !!!main             c_w.l(__main.o)
    0x080000f4   0x080000f4   0x00000034   Code   RO         4396    !!!scatter          c_w.l(__scatter.o)
    0x08000128   0x08000128   0x0000001a   Code   RO         4398    !!handler_copy      c_w.l(__scatter_copy.o)
    0x08000142   0x08000142   0x00000002   PAD
    0x08000144   0x08000144   0x0000001c   Code   RO         4400    !!handler_zi        c_w.l(__scatter_zi.o)
    0x08000160   0x08000160   0x00000000   Code   RO         4119    .ARM.Collect$$_printf_percent$$00000000  c_w.l(_printf_percent.o)
    0x08000160   0x08000160   0x00000006   Code   RO         4118    .ARM.Collect$$_printf_percent$$00000003  c_w.l(_printf_f.o)
    0x08000166   0x08000166   0x00000004   Code   RO         4181    .ARM.Collect$$_printf_percent$$00000017  c_w.l(_printf_percent_end.o)
    0x0800016a   0x0800016a   0x00000002   Code   RO         4267    .ARM.Collect$$libinit$$00000000  c_w.l(libinit.o)
    0x0800016c   0x0800016c   0x00000000   Code   RO         4269    .ARM.Collect$$libinit$$00000002  c_w.l(libinit2.o)
    0x0800016c   0x0800016c   0x00000000   Code   RO         4271    .ARM.Collect$$libinit$$00000004  c_w.l(libinit2.o)
    0x0800016c   0x0800016c   0x00000000   Code   RO         4274    .ARM.Collect$$libinit$$0000000A  c_w.l(libinit2.o)
    0x0800016c   0x0800016c   0x00000000   Code   RO         4276    .ARM.Collect$$libinit$$0000000C  c_w.l(libinit2.o)
    0x0800016c   0x0800016c   0x00000000   Code   RO         4278    .ARM.Collect$$libinit$$0000000E  c_w.l(libinit2.o)
    0x0800016c   0x0800016c   0x00000006   Code   RO         4279    .ARM.Collect$$libinit$$0000000F  c_w.l(libinit2.o)
    0x08000172   0x08000172   0x00000000   Code   RO         4281    .ARM.Collect$$libinit$$00000011  c_w.l(libinit2.o)
    0x08000172   0x08000172   0x00000000   Code   RO         4283    .ARM.Collect$$libinit$$00000013  c_w.l(libinit2.o)
    0x08000172   0x08000172   0x00000000   Code   RO         4285    .ARM.Collect$$libinit$$00000015  c_w.l(libinit2.o)
    0x08000172   0x08000172   0x0000000a   Code   RO         4286    .ARM.Collect$$libinit$$00000016  c_w.l(libinit2.o)
    0x0800017c   0x0800017c   0x00000000   Code   RO         4287    .ARM.Collect$$libinit$$00000017  c_w.l(libinit2.o)
    0x0800017c   0x0800017c   0x00000000   Code   RO         4289    .ARM.Collect$$libinit$$00000019  c_w.l(libinit2.o)
    0x0800017c   0x0800017c   0x00000000   Code   RO         4291    .ARM.Collect$$libinit$$0000001B  c_w.l(libinit2.o)
    0x0800017c   0x0800017c   0x00000000   Code   RO         4293    .ARM.Collect$$libinit$$0000001D  c_w.l(libinit2.o)
    0x0800017c   0x0800017c   0x00000000   Code   RO         4295    .ARM.Collect$$libinit$$0000001F  c_w.l(libinit2.o)
    0x0800017c   0x0800017c   0x00000000   Code   RO         4297    .ARM.Collect$$libinit$$00000021  c_w.l(libinit2.o)
    0x0800017c   0x0800017c   0x00000000   Code   RO         4299    .ARM.Collect$$libinit$$00000023  c_w.l(libinit2.o)
    0x0800017c   0x0800017c   0x00000000   Code   RO         4301    .ARM.Collect$$libinit$$00000025  c_w.l(libinit2.o)
    0x0800017c   0x0800017c   0x00000000   Code   RO         4305    .ARM.Collect$$libinit$$0000002C  c_w.l(libinit2.o)
    0x0800017c   0x0800017c   0x00000000   Code   RO         4307    .ARM.Collect$$libinit$$0000002E  c_w.l(libinit2.o)
    0x0800017c   0x0800017c   0x00000000   Code   RO         4309    .ARM.Collect$$libinit$$00000030  c_w.l(libinit2.o)
    0x0800017c   0x0800017c   0x00000000   Code   RO         4311    .ARM.Collect$$libinit$$00000032  c_w.l(libinit2.o)
    0x0800017c   0x0800017c   0x00000002   Code   RO         4312    .ARM.Collect$$libinit$$00000033  c_w.l(libinit2.o)
    0x0800017e   0x0800017e   0x00000002   Code   RO         4342    .ARM.Collect$$libshutdown$$00000000  c_w.l(libshutdown.o)
    0x08000180   0x08000180   0x00000000   Code   RO         4353    .ARM.Collect$$libshutdown$$00000002  c_w.l(libshutdown2.o)
    0x08000180   0x08000180   0x00000000   Code   RO         4355    .ARM.Collect$$libshutdown$$00000004  c_w.l(libshutdown2.o)
    0x08000180   0x08000180   0x00000000   Code   RO         4357    .ARM.Collect$$libshutdown$$00000006  c_w.l(libshutdown2.o)
    0x08000180   0x08000180   0x00000000   Code   RO         4360    .ARM.Collect$$libshutdown$$00000009  c_w.l(libshutdown2.o)
    0x08000180   0x08000180   0x00000000   Code   RO         4363    .ARM.Collect$$libshutdown$$0000000C  c_w.l(libshutdown2.o)
    0x08000180   0x08000180   0x00000000   Code   RO         4365    .ARM.Collect$$libshutdown$$0000000E  c_w.l(libshutdown2.o)
    0x08000180   0x08000180   0x00000000   Code   RO         4368    .ARM.Collect$$libshutdown$$00000011  c_w.l(libshutdown2.o)
    0x08000180   0x08000180   0x00000002   Code   RO         4369    .ARM.Collect$$libshutdown$$00000012  c_w.l(libshutdown2.o)
    0x08000182   0x08000182   0x00000000   Code   RO         4174    .ARM.Collect$$rtentry$$00000000  c_w.l(__rtentry.o)
    0x08000182   0x08000182   0x00000000   Code   RO         4196    .ARM.Collect$$rtentry$$00000002  c_w.l(__rtentry2.o)
    0x08000182   0x08000182   0x00000006   Code   RO         4208    .ARM.Collect$$rtentry$$00000004  c_w.l(__rtentry4.o)
    0x08000188   0x08000188   0x00000008   Code   RO         4197    .ARM.Collect$$rtentry$$00000008  c_w.l(__rtentry2.o)
    0x08000190   0x08000190   0x00000004   Code   RO         4199    .ARM.Collect$$rtentry$$0000000A  c_w.l(__rtentry2.o)
    0x08000194   0x08000194   0x00000000   Code   RO         4201    .ARM.Collect$$rtentry$$0000000C  c_w.l(__rtentry2.o)
    0x08000194   0x08000194   0x00000008   Code   RO         4202    .ARM.Collect$$rtentry$$0000000D  c_w.l(__rtentry2.o)
    0x0800019c   0x0800019c   0x00000002   Code   RO         4313    .ARM.Collect$$rtexit$$00000000  c_w.l(rtexit.o)
    0x0800019e   0x0800019e   0x00000000   Code   RO         4320    .ARM.Collect$$rtexit$$00000002  c_w.l(rtexit2.o)
    0x0800019e   0x0800019e   0x00000004   Code   RO         4321    .ARM.Collect$$rtexit$$00000003  c_w.l(rtexit2.o)
    0x080001a2   0x080001a2   0x00000006   Code   RO         4322    .ARM.Collect$$rtexit$$00000004  c_w.l(rtexit2.o)
    0x080001a8   0x080001a8   0x00000096   Code   RO         3025    .emb_text           port.o
    0x0800023e   0x0800023e   0x00000002   PAD
    0x08000240   0x08000240   0x00000040   Code   RO         2678  * .text               startup_stm32f10x_md.o
    0x08000280   0x08000280   0x00000028   Code   RO         4094    .text               c_w.l(noretval__2sprintf.o)
    0x080002a8   0x080002a8   0x0000010e   Code   RO         4106    .text               c_w.l(__printf_wp.o)
    0x080003b6   0x080003b6   0x0000008a   Code   RO         4120    .text               c_w.l(rt_memcpy_v6.o)
    0x08000440   0x08000440   0x00000010   Code   RO         4122    .text               c_w.l(aeabi_memset.o)
    0x08000450   0x08000450   0x00000044   Code   RO         4124    .text               c_w.l(rt_memclr.o)
    0x08000494   0x08000494   0x0000004e   Code   RO         4126    .text               c_w.l(rt_memclr_w.o)
    0x080004e2   0x080004e2   0x00000006   Code   RO         4128    .text               c_w.l(heapauxi.o)
    0x080004e8   0x080004e8   0x0000041e   Code   RO         4175    .text               c_w.l(_printf_fp_dec.o)
    0x08000906   0x08000906   0x00000002   PAD
    0x08000908   0x08000908   0x00000030   Code   RO         4177    .text               c_w.l(_printf_char_common.o)
    0x08000938   0x08000938   0x0000000a   Code   RO         4179    .text               c_w.l(_sputc.o)
    0x08000942   0x08000942   0x00000064   Code   RO         4182    .text               c_w.l(rt_memcpy_w.o)
    0x080009a6   0x080009a6   0x0000000a   Code   RO         4215    .text               c_w.l(rt_locale_twolibspace.o)
    0x080009b0   0x080009b0   0x0000008a   Code   RO         4217    .text               c_w.l(lludiv10.o)
    0x08000a3a   0x08000a3a   0x00000002   PAD
    0x08000a3c   0x08000a3c   0x00000080   Code   RO         4219    .text               c_w.l(_printf_fp_infnan.o)
    0x08000abc   0x08000abc   0x000000e4   Code   RO         4223    .text               c_w.l(bigflt0.o)
    0x08000ba0   0x08000ba0   0x00000008   Code   RO         4255    .text               c_w.l(libspace.o)
    0x08000ba8   0x08000ba8   0x0000004a   Code   RO         4258    .text               c_w.l(sys_stackheap_outer.o)
    0x08000bf2   0x08000bf2   0x00000012   Code   RO         4260    .text               c_w.l(exit.o)
    0x08000c04   0x08000c04   0x00000080   Code   RO         4262    .text               c_w.l(strcmpv7m.o)
    0x08000c84   0x08000c84   0x0000000c   Code   RO         4332    .text               c_w.l(sys_exit.o)
    0x08000c90   0x08000c90   0x00000002   Code   RO         4343    .text               c_w.l(use_no_semi.o)
    0x08000c92   0x08000c92   0x00000000   Code   RO         4345    .text               c_w.l(indicate_semi.o)
    0x08000c92   0x08000c92   0x0000003e   Code   RO         4226    CL$$btod_d2e        c_w.l(btod.o)
    0x08000cd0   0x08000cd0   0x00000046   Code   RO         4228    CL$$btod_d2e_denorm_low  c_w.l(btod.o)
    0x08000d16   0x08000d16   0x00000060   Code   RO         4227    CL$$btod_d2e_norm_op1  c_w.l(btod.o)
    0x08000d76   0x08000d76   0x00000338   Code   RO         4236    CL$$btod_div_common  c_w.l(btod.o)
    0x080010ae   0x080010ae   0x000000dc   Code   RO         4233    CL$$btod_e2e        c_w.l(btod.o)
    0x0800118a   0x0800118a   0x0000002a   Code   RO         4230    CL$$btod_ediv       c_w.l(btod.o)
    0x080011b4   0x080011b4   0x0000002a   Code   RO         4229    CL$$btod_emul       c_w.l(btod.o)
    0x080011de   0x080011de   0x00000244   Code   RO         4235    CL$$btod_mult_common  c_w.l(btod.o)
    0x08001422   0x08001422   0x00000016   Code   RO         1060    i.ADC_Cmd           stm32f10x_adc.o
    0x08001438   0x08001438   0x00000008   Code   RO         1069    i.ADC_GetConversionValue  stm32f10x_adc.o
    0x08001440   0x08001440   0x00000050   Code   RO         1078    i.ADC_Init          stm32f10x_adc.o
    0x08001490   0x08001490   0x000000b8   Code   RO         1082    i.ADC_RegularChannelConfig  stm32f10x_adc.o
    0x08001548   0x08001548   0x00000016   Code   RO         1085    i.ADC_SoftwareStartConvCmd  stm32f10x_adc.o
    0x0800155e   0x0800155e   0x00000116   Code   RO         1378    i.GPIO_Init         stm32f10x_gpio.o
    0x08001674   0x08001674   0x0000002a   Code   RO         1501    i.I2C_CheckEvent    stm32f10x_i2c.o
    0x0800169e   0x0800169e   0x00000018   Code   RO         1504    i.I2C_Cmd           stm32f10x_i2c.o
    0x080016b6   0x080016b6   0x00000018   Code   RO         1511    i.I2C_GenerateSTART  stm32f10x_i2c.o
    0x080016ce   0x080016ce   0x00000018   Code   RO         1512    i.I2C_GenerateSTOP  stm32f10x_i2c.o
    0x080016e6   0x080016e6   0x00000002   PAD
    0x080016e8   0x080016e8   0x000000ec   Code   RO         1518    i.I2C_Init          stm32f10x_i2c.o
    0x080017d4   0x080017d4   0x00000068   Code   RO          100    i.I2C_LCD_Configuration  lcd_i2c.o
    0x0800183c   0x0800183c   0x00000012   Code   RO         1525    i.I2C_Send7bitAddress  stm32f10x_i2c.o
    0x0800184e   0x0800184e   0x00000004   Code   RO         1526    i.I2C_SendData      stm32f10x_i2c.o
    0x08001852   0x08001852   0x00000002   PAD
    0x08001854   0x08001854   0x00000020   Code   RO         1716    i.RCC_APB1PeriphClockCmd  stm32f10x_rcc.o
    0x08001874   0x08001874   0x00000020   Code   RO         1718    i.RCC_APB2PeriphClockCmd  stm32f10x_rcc.o
    0x08001894   0x08001894   0x000000d4   Code   RO         1726    i.RCC_GetClocksFreq  stm32f10x_rcc.o
    0x08001968   0x08001968   0x00000008   Code   RO         2685    i.SetSysClock       system_stm32f10x.o
    0x08001970   0x08001970   0x000000e0   Code   RO         2686    i.SetSysClockTo72   system_stm32f10x.o
    0x08001a50   0x08001a50   0x00000016   Code   RO          394    i.SysTick_Handler   cmsis_os2.o
    0x08001a66   0x08001a66   0x00000002   PAD
    0x08001a68   0x08001a68   0x000000a4   Code   RO         2687    i.SystemCoreClockUpdate  system_stm32f10x.o
    0x08001b0c   0x08001b0c   0x00000060   Code   RO         2688    i.SystemInit        system_stm32f10x.o
    0x08001b6c   0x08001b6c   0x00000018   Code   RO         1942    i.TIM_Cmd           stm32f10x_tim.o
    0x08001b84   0x08001b84   0x00000006   Code   RO         1961    i.TIM_GetCounter    stm32f10x_tim.o
    0x08001b8a   0x08001b8a   0x00000004   Code   RO         2007    i.TIM_SetCounter    stm32f10x_tim.o
    0x08001b8e   0x08001b8e   0x00000002   PAD
    0x08001b90   0x08001b90   0x000000a4   Code   RO         2013    i.TIM_TimeBaseInit  stm32f10x_tim.o
    0x08001c34   0x08001c34   0x00000028   Code   RO         4253    i.__ARM_fpclassify  m_ws.l(fpclassify.o)
    0x08001c5c   0x08001c5c   0x0000000e   Code   RO         4108    i._is_digit         c_w.l(__printf_wp.o)
    0x08001c6a   0x08001c6a   0x0000001c   Code   RO          310    i._mutex_acquire    clib_arm.o
    0x08001c86   0x08001c86   0x00000002   PAD
    0x08001c88   0x08001c88   0x00000034   Code   RO          311    i._mutex_free       clib_arm.o
    0x08001cbc   0x08001cbc   0x0000006c   Code   RO          312    i._mutex_initialize  clib_arm.o
    0x08001d28   0x08001d28   0x0000001e   Code   RO          313    i._mutex_release    clib_arm.o
    0x08001d46   0x08001d46   0x00000002   Code   RO          314    i._platform_post_stackheap_init  clib_arm.o
    0x08001d48   0x08001d48   0x00000010   Code   RO          261    i.adc_1_get_value   adc.o
    0x08001d58   0x08001d58   0x0000007c   Code   RO          262    i.adc_1_init        adc.o
    0x08001dd4   0x08001dd4   0x00000010   Code   RO          263    i.adc_2_get_value   adc.o
    0x08001de4   0x08001de4   0x0000007c   Code   RO          264    i.adc_2_init        adc.o
    0x08001e60   0x08001e60   0x0000003c   Code   RO            4    i.delay_init        delay.o
    0x08001e9c   0x08001e9c   0x00000028   Code   RO            5    i.delay_ms          delay.o
    0x08001ec4   0x08001ec4   0x0000001e   Code   RO            6    i.delay_us          delay.o
    0x08001ee2   0x08001ee2   0x00000010   Code   RO          315    i.is_thread_mode    clib_arm.o
    0x08001ef2   0x08001ef2   0x00000048   Code   RO          101    i.lcd_Control_Write  lcd_i2c.o
    0x08001f3a   0x08001f3a   0x0000004c   Code   RO          102    i.lcd_Data_Write    lcd_i2c.o
    0x08001f86   0x08001f86   0x00000002   PAD
    0x08001f88   0x08001f88   0x00000060   Code   RO          103    i.lcd_Write_byte    lcd_i2c.o
    0x08001fe8   0x08001fe8   0x00000020   Code   RO          104    i.lcd_gotoxy        lcd_i2c.o
    0x08002008   0x08002008   0x00000060   Code   RO          105    i.lcd_init          lcd_i2c.o
    0x08002068   0x08002068   0x00000016   Code   RO          106    i.lcd_send_string   lcd_i2c.o
    0x0800207e   0x0800207e   0x00000002   PAD
    0x08002080   0x08002080   0x00000074   Code   RO          171    i.main              main.o
    0x080020f4   0x080020f4   0x00000016   Code   RO          265    i.map               adc.o
    0x0800210a   0x0800210a   0x00000068   Code   RO          172    i.map_adc_value     main.o
    0x08002172   0x08002172   0x00000012   Code   RO          316    i.os_kernel_is_active  clib_arm.o
    0x08002184   0x08002184   0x000000a4   Code   RO         3510    i.prvAddCurrentTaskToDelayedList  tasks.o
    0x08002228   0x08002228   0x000000e8   Code   RO         3511    i.prvAddNewTaskToReadyList  tasks.o
    0x08002310   0x08002310   0x0000005c   Code   RO         3907    i.prvCheckForValidListAndQueue  timers.o
    0x0800236c   0x0800236c   0x00000048   Code   RO         3512    i.prvCheckTasksWaitingTermination  tasks.o
    0x080023b4   0x080023b4   0x0000002a   Code   RO         3108    i.prvCopyDataFromQueue  queue.o
    0x080023de   0x080023de   0x0000007e   Code   RO         3109    i.prvCopyDataToQueue  queue.o
    0x0800245c   0x0800245c   0x00000028   Code   RO         3513    i.prvDeleteTCB      tasks.o
    0x08002484   0x08002484   0x00000014   Code   RO         3110    i.prvGetDisinheritPriorityAfterTimeout  queue.o
    0x08002498   0x08002498   0x00000028   Code   RO         3908    i.prvGetNextExpireTime  timers.o
    0x080024c0   0x080024c0   0x00000070   Code   RO         2952    i.prvHeapInit       heap_4.o
    0x08002530   0x08002530   0x00000028   Code   RO         3514    i.prvIdleTask       tasks.o
    0x08002558   0x08002558   0x0000001e   Code   RO         3111    i.prvInitialiseMutex  queue.o
    0x08002576   0x08002576   0x0000002a   Code   RO         3112    i.prvInitialiseNewQueue  queue.o
    0x080025a0   0x080025a0   0x00000086   Code   RO         3515    i.prvInitialiseNewTask  tasks.o
    0x08002626   0x08002626   0x00000002   PAD
    0x08002628   0x08002628   0x00000068   Code   RO         3516    i.prvInitialiseTaskLists  tasks.o
    0x08002690   0x08002690   0x00000068   Code   RO         2953    i.prvInsertBlockIntoFreeList  heap_4.o
    0x080026f8   0x080026f8   0x00000058   Code   RO         3910    i.prvInsertTimerInActiveList  timers.o
    0x08002750   0x08002750   0x0000001a   Code   RO         3113    i.prvIsQueueEmpty   queue.o
    0x0800276a   0x0800276a   0x0000001e   Code   RO         3114    i.prvIsQueueFull    queue.o
    0x08002788   0x08002788   0x00000044   Code   RO         3911    i.prvProcessExpiredTimer  timers.o
    0x080027cc   0x080027cc   0x00000110   Code   RO         3912    i.prvProcessReceivedCommands  timers.o
    0x080028dc   0x080028dc   0x00000074   Code   RO         3913    i.prvProcessTimerOrBlockTask  timers.o
    0x08002950   0x08002950   0x00000028   Code   RO         3914    i.prvReloadTimer    timers.o
    0x08002978   0x08002978   0x00000030   Code   RO         3518    i.prvResetNextTaskUnblockTime  tasks.o
    0x080029a8   0x080029a8   0x0000002c   Code   RO         3915    i.prvSampleTimeNow  timers.o
    0x080029d4   0x080029d4   0x00000044   Code   RO         3916    i.prvSwitchTimerLists  timers.o
    0x08002a18   0x08002a18   0x00000016   Code   RO         3026    i.prvTaskExitError  port.o
    0x08002a2e   0x08002a2e   0x0000001a   Code   RO         3917    i.prvTimerTask      timers.o
    0x08002a48   0x08002a48   0x0000007e   Code   RO         3115    i.prvUnlockQueue    queue.o
    0x08002ac6   0x08002ac6   0x00000002   PAD
    0x08002ac8   0x08002ac8   0x000000e4   Code   RO         2955    i.pvPortMalloc      heap_4.o
    0x08002bac   0x08002bac   0x00000020   Code   RO         3521    i.pvTaskIncrementMutexHeldCount  tasks.o
    0x08002bcc   0x08002bcc   0x00000024   Code   RO         3027    i.pxPortInitialiseStack  port.o
    0x08002bf0   0x08002bf0   0x00000028   Code   RO         2901    i.uxListRemove      list.o
    0x08002c18   0x08002c18   0x00000018   Code   RO          467    i.vApplicationGetIdleTaskMemory  cmsis_os2.o
    0x08002c30   0x08002c30   0x00000018   Code   RO          468    i.vApplicationGetTimerTaskMemory  cmsis_os2.o
    0x08002c48   0x08002c48   0x00000002   Code   RO          469    i.vApplicationStackOverflowHook  cmsis_os2.o
    0x08002c4a   0x08002c4a   0x0000001a   Code   RO         2902    i.vListInitialise   list.o
    0x08002c64   0x08002c64   0x00000006   Code   RO         2903    i.vListInitialiseItem  list.o
    0x08002c6a   0x08002c6a   0x00000034   Code   RO         2904    i.vListInsert       list.o
    0x08002c9e   0x08002c9e   0x00000002   PAD
    0x08002ca0   0x08002ca0   0x00000024   Code   RO         3029    i.vPortEnterCritical  port.o
    0x08002cc4   0x08002cc4   0x00000020   Code   RO         3030    i.vPortExitCritical  port.o
    0x08002ce4   0x08002ce4   0x0000004c   Code   RO         2956    i.vPortFree         heap_4.o
    0x08002d30   0x08002d30   0x00000028   Code   RO         3031    i.vPortSetupTimerInterrupt  port.o
    0x08002d58   0x08002d58   0x00000014   Code   RO         3121    i.vQueueDelete      queue.o
    0x08002d6c   0x08002d6c   0x0000004a   Code   RO         3123    i.vQueueWaitForMessageRestricted  queue.o
    0x08002db6   0x08002db6   0x00000002   PAD
    0x08002db8   0x08002db8   0x000000b8   Code   RO          173    i.vTaskAmperage     main.o
    0x08002e70   0x08002e70   0x00000034   Code   RO         3531    i.vTaskDelay        tasks.o
    0x08002ea4   0x08002ea4   0x00000018   Code   RO         3536    i.vTaskInternalSetTimeOutState  tasks.o
    0x08002ebc   0x08002ebc   0x0000000c   Code   RO         3537    i.vTaskMissedYield  tasks.o
    0x08002ec8   0x08002ec8   0x00000020   Code   RO         3538    i.vTaskPlaceOnEventList  tasks.o
    0x08002ee8   0x08002ee8   0x0000004c   Code   RO         3539    i.vTaskPlaceOnEventListRestricted  tasks.o
    0x08002f34   0x08002f34   0x000000c0   Code   RO         3541    i.vTaskPriorityDisinheritAfterTimeout  tasks.o
    0x08002ff4   0x08002ff4   0x0000009c   Code   RO         3547    i.vTaskStartScheduler  tasks.o
    0x08003090   0x08003090   0x00000010   Code   RO         3549    i.vTaskSuspendAll   tasks.o
    0x080030a0   0x080030a0   0x000000b0   Code   RO         3550    i.vTaskSwitchContext  tasks.o
    0x08003150   0x08003150   0x00000090   Code   RO          174    i.vTaskVoltage      main.o
    0x080031e0   0x080031e0   0x00000034   Code   RO         3032    i.xPortStartScheduler  port.o
    0x08003214   0x08003214   0x00000034   Code   RO         3033    i.xPortSysTickHandler  port.o
    0x08003248   0x08003248   0x00000022   Code   RO         3126    i.xQueueCreateMutex  queue.o
    0x0800326a   0x0800326a   0x0000002a   Code   RO         3127    i.xQueueCreateMutexStatic  queue.o
    0x08003294   0x08003294   0x00000052   Code   RO         3128    i.xQueueGenericCreate  queue.o
    0x080032e6   0x080032e6   0x0000003e   Code   RO         3129    i.xQueueGenericCreateStatic  queue.o
    0x08003324   0x08003324   0x000000a0   Code   RO         3130    i.xQueueGenericReset  queue.o
    0x080033c4   0x080033c4   0x00000118   Code   RO         3131    i.xQueueGenericSend  queue.o
    0x080034dc   0x080034dc   0x00000104   Code   RO         3141    i.xQueueReceive     queue.o
    0x080035e0   0x080035e0   0x00000130   Code   RO         3143    i.xQueueSemaphoreTake  queue.o
    0x08003710   0x08003710   0x00000060   Code   RO         3552    i.xTaskCheckForTimeOut  tasks.o
    0x08003770   0x08003770   0x0000006c   Code   RO         3553    i.xTaskCreate       tasks.o
    0x080037dc   0x080037dc   0x00000056   Code   RO         3554    i.xTaskCreateStatic  tasks.o
    0x08003832   0x08003832   0x00000002   PAD
    0x08003834   0x08003834   0x00000020   Code   RO         3561    i.xTaskGetSchedulerState  tasks.o
    0x08003854   0x08003854   0x0000000c   Code   RO         3562    i.xTaskGetTickCount  tasks.o
    0x08003860   0x08003860   0x00000190   Code   RO         3564    i.xTaskIncrementTick  tasks.o
    0x080039f0   0x080039f0   0x00000094   Code   RO         3565    i.xTaskPriorityDisinherit  tasks.o
    0x08003a84   0x08003a84   0x000000d8   Code   RO         3566    i.xTaskPriorityInherit  tasks.o
    0x08003b5c   0x08003b5c   0x00000108   Code   RO         3567    i.xTaskRemoveFromEventList  tasks.o
    0x08003c64   0x08003c64   0x00000158   Code   RO         3568    i.xTaskResumeAll    tasks.o
    0x08003dbc   0x08003dbc   0x00000060   Code   RO         3926    i.xTimerCreateTimerTask  timers.o
    0x08003e1c   0x08003e1c   0x0000002c   Code   RO         4249    locale$$code        c_w.l(lc_numeric_c.o)
    0x08003e48   0x08003e48   0x00000062   Code   RO         4132    x$fpl$d2f           fz_ws.l(d2f.o)
    0x08003eaa   0x08003eaa   0x00000002   PAD
    0x08003eac   0x08003eac   0x00000150   Code   RO         4134    x$fpl$dadd          fz_ws.l(daddsub_clz.o)
    0x08003ffc   0x08003ffc   0x00000026   Code   RO         4140    x$fpl$dfltu         fz_ws.l(dflt_clz.o)
    0x08004022   0x08004022   0x00000002   PAD
    0x08004024   0x08004024   0x00000154   Code   RO         4146    x$fpl$dmul          fz_ws.l(dmul.o)
    0x08004178   0x08004178   0x0000009c   Code   RO         4184    x$fpl$dnaninf       fz_ws.l(dnaninf.o)
    0x08004214   0x08004214   0x0000000c   Code   RO         4186    x$fpl$dretinf       fz_ws.l(dretinf.o)
    0x08004220   0x08004220   0x000001d4   Code   RO         4136    x$fpl$dsub          fz_ws.l(daddsub_clz.o)
    0x080043f4   0x080043f4   0x00000056   Code   RO         4148    x$fpl$f2d           fz_ws.l(f2d.o)
    0x0800444a   0x0800444a   0x00000002   PAD
    0x0800444c   0x0800444c   0x000000c4   Code   RO         4150    x$fpl$fadd          fz_ws.l(faddsub_clz.o)
    0x08004510   0x08004510   0x00000018   Code   RO         4188    x$fpl$fcmpinf       fz_ws.l(fcmpi.o)
    0x08004528   0x08004528   0x00000184   Code   RO         4157    x$fpl$fdiv          fz_ws.l(fdiv.o)
    0x080046ac   0x080046ac   0x00000026   Code   RO         4160    x$fpl$ffltu         fz_ws.l(fflt_clz.o)
    0x080046d2   0x080046d2   0x00000002   PAD
    0x080046d4   0x080046d4   0x00000068   Code   RO         4166    x$fpl$fleqf         fz_ws.l(fleqf.o)
    0x0800473c   0x0800473c   0x00000102   Code   RO         4168    x$fpl$fmul          fz_ws.l(fmul.o)
    0x0800483e   0x0800483e   0x0000008c   Code   RO         4190    x$fpl$fnaninf       fz_ws.l(fnaninf.o)
    0x080048ca   0x080048ca   0x0000000a   Code   RO         4192    x$fpl$fretinf       fz_ws.l(fretinf.o)
    0x080048d4   0x080048d4   0x00000062   Code   RO         4170    x$fpl$frleqf        fz_ws.l(frleqf.o)
    0x08004936   0x08004936   0x00000002   PAD
    0x08004938   0x08004938   0x000000ea   Code   RO         4152    x$fpl$fsub          fz_ws.l(faddsub_clz.o)
    0x08004a22   0x08004a22   0x00000004   Code   RO         4172    x$fpl$printf1       fz_ws.l(printf1.o)
    0x08004a26   0x08004a26   0x00000000   Code   RO         4194    x$fpl$usenofp       fz_ws.l(usenofp.o)
    0x08004a26   0x08004a26   0x00000002   PAD
    0x08004a28   0x08004a28   0x00000094   Data   RO         4224    .constdata          c_w.l(bigflt0.o)
    0x08004abc   0x08004abc   0x00000020   Data   RO         4394    Region$$Table       anon$$obj.o
    0x08004adc   0x08004adc   0x0000001c   Data   RO         4248    locale$$data        c_w.l(lc_numeric_c.o)


    Execution Region ER_RW (Exec base: 0x20000000, Load base: 0x08004af8, Size: 0x000000a4, Max: 0xffffffff, ABSOLUTE)

    Exec Addr    Load Addr    Size         Type   Attr      Idx    E Section Name        Object

    0x20000000   0x08004af8   0x00000004   Data   RW          108    .data               lcd_i2c.o
    0x20000004   0x08004afc   0x00000004   Data   RW          175    .data               main.o
    0x20000008   0x08004b00   0x00000014   Data   RW         1746    .data               stm32f10x_rcc.o
    0x2000001c   0x08004b14   0x00000014   Data   RW         2689    .data               system_stm32f10x.o
    0x20000030   0x08004b28   0x0000001c   Data   RW         2962    .data               heap_4.o
    0x2000004c   0x08004b44   0x00000004   Data   RW         3034    .data               port.o
    0x20000050   0x08004b48   0x00000040   Data   RW         3571    .data               tasks.o
    0x20000090   0x08004b88   0x00000014   Data   RW         3936    .data               timers.o


    Execution Region ER_ZI (Exec base: 0x200000a4, Load base: 0x08004b9c, Size: 0x0000338c, Max: 0xffffffff, ABSOLUTE)

    Exec Addr    Load Addr    Size         Type   Attr      Idx    E Section Name        Object

    0x200000a4        -       0x00000010   Zero   RW          107    .bss                lcd_i2c.o
    0x200000b4        -       0x00000394   Zero   RW          317    .bss                clib_arm.o
    0x20000448        -       0x000003f8   Zero   RW          470    .bss                cmsis_os2.o
    0x20000840        -       0x00002000   Zero   RW         2961    .bss                heap_4.o
    0x20002840        -       0x000004c4   Zero   RW         3570    .bss                tasks.o
    0x20002d04        -       0x000000c8   Zero   RW         3935    .bss                timers.o
    0x20002dcc        -       0x00000060   Zero   RW         4256    .bss                c_w.l(libspace.o)
    0x20002e2c   0x08004b9c   0x00000004   PAD
    0x20002e30        -       0x00000200   Zero   RW         2676    HEAP                startup_stm32f10x_md.o
    0x20003030        -       0x00000400   Zero   RW         2675    STACK               startup_stm32f10x_md.o


==============================================================================

Image component sizes


      Code (inc. data)   RO Data    RW Data    ZI Data      Debug   Object Name

       302         28          0          0          0       2656   adc.o
       254         16          0          0        916      27224   clib_arm.o
        72         20          0          0       1016      31035   cmsis_os2.o
       130          0          0          0          0     264647   delay.o
         0          0          0          0          0      12004   event_groups.o
       520         58          0         28       8192       5059   heap_4.o
       498         32          0          4         16       4036   lcd_i2c.o
       124          0          0          0          0      12461   list.o
       548        110          0          4          0      22779   main.o
       420         48          0          4          0       9548   port.o
      1760         16          0          0          0      19043   queue.o
        64         26        236          0       1536        816   startup_stm32f10x_md.o
       316         10          0          0          0       5836   stm32f10x_adc.o
       278          0          0          0          0       2296   stm32f10x_gpio.o
       372         14          0          0          0       6662   stm32f10x_i2c.o
       276         32          0         20          0       4914   stm32f10x_rcc.o
       198         42          0          0          0       3363   stm32f10x_tim.o
       492         50          0         20          0       3053   system_stm32f10x.o
      3308        372          0         64       1220      46053   tasks.o
       950        110          0         20        200      11848   timers.o

    ----------------------------------------------------------------------
     10908        984        268        164      13096     495333   Object Totals
         0          0         32          0          0          0   (incl. Generated)
        26          0          0          0          0          0   (incl. Padding)

    ----------------------------------------------------------------------

      Code (inc. data)   RO Data    RW Data    ZI Data      Debug   Library Member Name

         8          0          0          0          0         68   __main.o
       284          0          0          0          0        156   __printf_wp.o
         0          0          0          0          0          0   __rtentry.o
        20          0          0          0          0          0   __rtentry2.o
         6          0          0          0          0          0   __rtentry4.o
        52          8          0          0          0          0   __scatter.o
        26          0          0          0          0          0   __scatter_copy.o
        28          0          0          0          0          0   __scatter_zi.o
        48          6          0          0          0         96   _printf_char_common.o
         6          0          0          0          0          0   _printf_f.o
      1054          0          0          0          0        216   _printf_fp_dec.o
       128         16          0          0          0         84   _printf_fp_infnan.o
         0          0          0          0          0          0   _printf_percent.o
         4          0          0          0          0          0   _printf_percent_end.o
        10          0          0          0          0         68   _sputc.o
        16          0          0          0          0         68   aeabi_memset.o
       228          4        148          0          0         96   bigflt0.o
      1936        128          0          0          0        672   btod.o
        18          0          0          0          0         80   exit.o
         6          0          0          0          0        152   heapauxi.o
         0          0          0          0          0          0   indicate_semi.o
        44         10         28          0          0         76   lc_numeric_c.o
         2          0          0          0          0          0   libinit.o
        18          0          0          0          0          0   libinit2.o
         2          0          0          0          0          0   libshutdown.o
         2          0          0          0          0          0   libshutdown2.o
         8          4          0          0         96         68   libspace.o
       138          0          0          0          0         80   lludiv10.o
        40          6          0          0          0         84   noretval__2sprintf.o
        10          0          0          0          0         76   rt_locale_twolibspace.o
        68          0          0          0          0         68   rt_memclr.o
        78          0          0          0          0         80   rt_memclr_w.o
       138          0          0          0          0         68   rt_memcpy_v6.o
       100          0          0          0          0         80   rt_memcpy_w.o
         2          0          0          0          0          0   rtexit.o
        10          0          0          0          0          0   rtexit2.o
       128          0          0          0          0         68   strcmpv7m.o
        12          4          0          0          0         68   sys_exit.o
        74          0          0          0          0         80   sys_stackheap_outer.o
         2          0          0          0          0         68   use_no_semi.o
        98          4          0          0          0         92   d2f.o
       804         16          0          0          0        272   daddsub_clz.o
        38          0          0          0          0         68   dflt_clz.o
       340         12          0          0          0        104   dmul.o
       156          4          0          0          0         92   dnaninf.o
        12          0          0          0          0         68   dretinf.o
        86          4          0          0          0         84   f2d.o
       430          8          0          0          0        168   faddsub_clz.o
        24          0          0          0          0         68   fcmpi.o
       388         76          0          0          0         96   fdiv.o
        38          0          0          0          0         68   fflt_clz.o
       104          4          0          0          0         84   fleqf.o
       258          4          0          0          0         84   fmul.o
       140          4          0          0          0         84   fnaninf.o
        10          0          0          0          0         68   fretinf.o
        98          0          0          0          0         68   frleqf.o
         4          0          0          0          0         68   printf1.o
         0          0          0          0          0          0   usenofp.o
        40          0          0          0          0         68   fpclassify.o

    ----------------------------------------------------------------------
      7840        322        176          0        100       4424   Library Totals
        18          0          0          0          4          0   (incl. Padding)

    ----------------------------------------------------------------------

      Code (inc. data)   RO Data    RW Data    ZI Data      Debug   Library Name

      4754        186        176          0         96       2720   c_w.l
      3028        136          0          0          0       1636   fz_ws.l
        40          0          0          0          0         68   m_ws.l

    ----------------------------------------------------------------------
      7840        322        176          0        100       4424   Library Totals

    ----------------------------------------------------------------------

==============================================================================


      Code (inc. data)   RO Data    RW Data    ZI Data      Debug   

     18748       1306        444        164      13196     490757   Grand Totals
     18748       1306        444        164      13196     490757   ELF Image Totals
     18748       1306        444        164          0          0   ROM Totals

==============================================================================

    Total RO  Size (Code + RO Data)                19192 (  18.74kB)
    Total RW  Size (RW Data + ZI Data)             13360 (  13.05kB)
    Total ROM Size (Code + RO Data + RW Data)      19356 (  18.90kB)

==============================================================================

